Archive member included because of file (symbol)

/usr/lib/gcc/avr/4.8.1/avr5/libgcc.a(_divmodhi4.o)
                              ./adc.o (__divmodhi4)
/usr/lib/gcc/avr/4.8.1/avr5/libgcc.a(_exit.o)
                              /usr/lib/gcc/avr/4.8.1/../../../avr/lib/avr5/crtm328p.o (exit)
/usr/lib/gcc/avr/4.8.1/avr5/libgcc.a(_copy_data.o)
                              ./display_hal_uart.o (__do_copy_data)
/usr/lib/gcc/avr/4.8.1/avr5/libgcc.a(_clear_bss.o)
                              ./adc.o (__do_clear_bss)
/usr/lib/gcc/avr/4.8.1/avr5/libgcc.a(_udivmodhi4.o)
                              /usr/lib/gcc/avr/4.8.1/avr5/libgcc.a(_divmodhi4.o) (__udivmodhi4)
/usr/lib/gcc/avr/4.8.1/../../../avr/lib/avr5/libm.a(addsf3.o)
                              ./main.o (__subsf3)
/usr/lib/gcc/avr/4.8.1/../../../avr/lib/avr5/libm.a(addsf3x.o)
                              /usr/lib/gcc/avr/4.8.1/../../../avr/lib/avr5/libm.a(addsf3.o) (__addsf3x)
/usr/lib/gcc/avr/4.8.1/../../../avr/lib/avr5/libm.a(divsf3.o)
                              ./main.o (__divsf3)
/usr/lib/gcc/avr/4.8.1/../../../avr/lib/avr5/libm.a(divsf3x.o)
                              /usr/lib/gcc/avr/4.8.1/../../../avr/lib/avr5/libm.a(divsf3.o) (__divsf3x)
/usr/lib/gcc/avr/4.8.1/../../../avr/lib/avr5/libm.a(fixunssfsi.o)
                              ./main.o (__fixunssfsi)
/usr/lib/gcc/avr/4.8.1/../../../avr/lib/avr5/libm.a(floatsisf.o)
                              ./main.o (__floatunsisf)
/usr/lib/gcc/avr/4.8.1/../../../avr/lib/avr5/libm.a(fp_inf.o)
                              /usr/lib/gcc/avr/4.8.1/../../../avr/lib/avr5/libm.a(addsf3x.o) (__fp_inf)
/usr/lib/gcc/avr/4.8.1/../../../avr/lib/avr5/libm.a(fp_nan.o)
                              /usr/lib/gcc/avr/4.8.1/../../../avr/lib/avr5/libm.a(addsf3x.o) (__fp_nan)
/usr/lib/gcc/avr/4.8.1/../../../avr/lib/avr5/libm.a(fp_pscA.o)
                              /usr/lib/gcc/avr/4.8.1/../../../avr/lib/avr5/libm.a(addsf3x.o) (__fp_pscA)
/usr/lib/gcc/avr/4.8.1/../../../avr/lib/avr5/libm.a(fp_pscB.o)
                              /usr/lib/gcc/avr/4.8.1/../../../avr/lib/avr5/libm.a(addsf3x.o) (__fp_pscB)
/usr/lib/gcc/avr/4.8.1/../../../avr/lib/avr5/libm.a(fp_round.o)
                              /usr/lib/gcc/avr/4.8.1/../../../avr/lib/avr5/libm.a(addsf3.o) (__fp_round)
/usr/lib/gcc/avr/4.8.1/../../../avr/lib/avr5/libm.a(fp_split3.o)
                              /usr/lib/gcc/avr/4.8.1/../../../avr/lib/avr5/libm.a(addsf3x.o) (__fp_split3)
/usr/lib/gcc/avr/4.8.1/../../../avr/lib/avr5/libm.a(fp_zero.o)
                              /usr/lib/gcc/avr/4.8.1/../../../avr/lib/avr5/libm.a(addsf3x.o) (__fp_zero)
/usr/lib/gcc/avr/4.8.1/../../../avr/lib/avr5/libm.a(mulsf3.o)
                              ./main.o (__mulsf3)
/usr/lib/gcc/avr/4.8.1/../../../avr/lib/avr5/libm.a(mulsf3x.o)
                              /usr/lib/gcc/avr/4.8.1/../../../avr/lib/avr5/libm.a(mulsf3.o) (__mulsf3x)
/usr/lib/gcc/avr/4.8.1/../../../avr/lib/avr5/libc.a(memset.o)
                              ./display.o (memset)
/usr/lib/gcc/avr/4.8.1/../../../avr/lib/avr5/libc.a(iob.o)
                              ./main.o (__iob)
/usr/lib/gcc/avr/4.8.1/../../../avr/lib/avr5/libc.a(printf.o)
                              ./display_hal_uart.o (printf)
/usr/lib/gcc/avr/4.8.1/../../../avr/lib/avr5/libc.a(vsnprintf.o)
                              ./display.o (vsnprintf)
/usr/lib/gcc/avr/4.8.1/../../../avr/lib/avr5/libc.a(vfprintf_std.o)
                              /usr/lib/gcc/avr/4.8.1/../../../avr/lib/avr5/libc.a(printf.o) (vfprintf)
/usr/lib/gcc/avr/4.8.1/../../../avr/lib/avr5/libc.a(strnlen_P.o)
                              /usr/lib/gcc/avr/4.8.1/../../../avr/lib/avr5/libc.a(vfprintf_std.o) (strnlen_P)
/usr/lib/gcc/avr/4.8.1/../../../avr/lib/avr5/libc.a(strnlen.o)
                              /usr/lib/gcc/avr/4.8.1/../../../avr/lib/avr5/libc.a(vfprintf_std.o) (strnlen)
/usr/lib/gcc/avr/4.8.1/../../../avr/lib/avr5/libc.a(fputc.o)
                              /usr/lib/gcc/avr/4.8.1/../../../avr/lib/avr5/libc.a(vfprintf_std.o) (fputc)
/usr/lib/gcc/avr/4.8.1/../../../avr/lib/avr5/libc.a(ultoa_invert.o)
                              /usr/lib/gcc/avr/4.8.1/../../../avr/lib/avr5/libc.a(vfprintf_std.o) (__ultoa_invert)
/usr/lib/gcc/avr/4.8.1/avr5/libgcc.a(_prologue.o)
                              /usr/lib/gcc/avr/4.8.1/../../../avr/lib/avr5/libc.a(printf.o) (__prologue_saves__)
/usr/lib/gcc/avr/4.8.1/avr5/libgcc.a(_epilogue.o)
                              /usr/lib/gcc/avr/4.8.1/../../../avr/lib/avr5/libc.a(printf.o) (__epilogue_restores__)

Allocating common symbols
Common symbol       size              file

g_timestamp         0x4               ./time.o
__iob               0x6               /usr/lib/gcc/avr/4.8.1/../../../avr/lib/avr5/libc.a(iob.o)

Memory Configuration

Name             Origin             Length             Attributes
text             0x0000000000000000 0x0000000000020000 xr
data             0x0000000000800060 0x000000000000ffa0 rw !x
eeprom           0x0000000000810000 0x0000000000010000 rw !x
fuse             0x0000000000820000 0x0000000000000400 rw !x
lock             0x0000000000830000 0x0000000000000400 rw !x
signature        0x0000000000840000 0x0000000000000400 rw !x
user_signatures  0x0000000000850000 0x0000000000000400 rw !x
*default*        0x0000000000000000 0xffffffffffffffff

Linker script and memory map

Address of section .data set to 0x800100
LOAD /usr/lib/gcc/avr/4.8.1/../../../avr/lib/avr5/crtm328p.o
LOAD ./adc.o
LOAD ./display.o
LOAD ./display_hal_hd44780.o
LOAD ./display_hal_uart.o
LOAD ./encoder.o
LOAD ./main.o
LOAD ./pwm.o
LOAD ./remote.o
LOAD ./system.o
LOAD ./time.o
LOAD ./uart.o
START GROUP
LOAD /usr/lib/gcc/avr/4.8.1/avr5/libgcc.a
LOAD /usr/lib/gcc/avr/4.8.1/../../../avr/lib/avr5/libm.a
LOAD /usr/lib/gcc/avr/4.8.1/../../../avr/lib/avr5/libc.a
END GROUP

.hash
 *(.hash)

.dynsym
 *(.dynsym)

.dynstr
 *(.dynstr)

.gnu.version
 *(.gnu.version)

.gnu.version_d
 *(.gnu.version_d)

.gnu.version_r
 *(.gnu.version_r)

.rel.init
 *(.rel.init)

.rela.init
 *(.rela.init)

.rel.text
 *(.rel.text)
 *(.rel.text.*)
 *(.rel.gnu.linkonce.t*)

.rela.text
 *(.rela.text)
 *(.rela.text.*)
 *(.rela.gnu.linkonce.t*)

.rel.fini
 *(.rel.fini)

.rela.fini
 *(.rela.fini)

.rel.rodata
 *(.rel.rodata)
 *(.rel.rodata.*)
 *(.rel.gnu.linkonce.r*)

.rela.rodata
 *(.rela.rodata)
 *(.rela.rodata.*)
 *(.rela.gnu.linkonce.r*)

.rel.data
 *(.rel.data)
 *(.rel.data.*)
 *(.rel.gnu.linkonce.d*)

.rela.data
 *(.rela.data)
 *(.rela.data.*)
 *(.rela.gnu.linkonce.d*)

.rel.ctors
 *(.rel.ctors)

.rela.ctors
 *(.rela.ctors)

.rel.dtors
 *(.rel.dtors)

.rela.dtors
 *(.rela.dtors)

.rel.got
 *(.rel.got)

.rela.got
 *(.rela.got)

.rel.bss
 *(.rel.bss)

.rela.bss
 *(.rela.bss)

.rel.plt
 *(.rel.plt)

.rela.plt
 *(.rela.plt)

.text           0x0000000000000000     0x1b80
 *(.vectors)
 .vectors       0x0000000000000000       0x68 /usr/lib/gcc/avr/4.8.1/../../../avr/lib/avr5/crtm328p.o
                0x0000000000000000                __vectors
 *(.vectors)
 *(.progmem.gcc*)
                0x0000000000000068                . = ALIGN (0x2)
                0x0000000000000068                __trampolines_start = .
 *(.trampolines)
 .trampolines   0x0000000000000068        0x0 linker stubs
 *(.trampolines*)
                0x0000000000000068                __trampolines_end = .
 *(.progmem*)
                0x0000000000000068                . = ALIGN (0x2)
 *(.jumptables)
 *(.jumptables*)
 *(.lowtext)
 *(.lowtext*)
                0x0000000000000068                __ctors_start = .
 *(.ctors)
                0x0000000000000068                __ctors_end = .
                0x0000000000000068                __dtors_start = .
 *(.dtors)
                0x0000000000000068                __dtors_end = .
 SORT(*)(.ctors)
 SORT(*)(.dtors)
 *(.init0)
 .init0         0x0000000000000068        0x0 /usr/lib/gcc/avr/4.8.1/../../../avr/lib/avr5/crtm328p.o
                0x0000000000000068                __init
 *(.init0)
 *(.init1)
 *(.init1)
 *(.init2)
 .init2         0x0000000000000068        0xc /usr/lib/gcc/avr/4.8.1/../../../avr/lib/avr5/crtm328p.o
 *(.init2)
 *(.init3)
 *(.init3)
 *(.init4)
 .init4         0x0000000000000074       0x16 /usr/lib/gcc/avr/4.8.1/avr5/libgcc.a(_copy_data.o)
                0x0000000000000074                __do_copy_data
 .init4         0x000000000000008a       0x10 /usr/lib/gcc/avr/4.8.1/avr5/libgcc.a(_clear_bss.o)
                0x000000000000008a                __do_clear_bss
 *(.init4)
 *(.init5)
 *(.init5)
 *(.init6)
 *(.init6)
 *(.init7)
 *(.init7)
 *(.init8)
 *(.init8)
 *(.init9)
 .init9         0x000000000000009a        0x8 /usr/lib/gcc/avr/4.8.1/../../../avr/lib/avr5/crtm328p.o
 *(.init9)
 *(.text)
 .text          0x00000000000000a2        0x4 /usr/lib/gcc/avr/4.8.1/../../../avr/lib/avr5/crtm328p.o
                0x00000000000000a2                __vector_22
                0x00000000000000a2                __vector_1
                0x00000000000000a2                __vector_24
                0x00000000000000a2                __vector_12
                0x00000000000000a2                __bad_interrupt
                0x00000000000000a2                __vector_6
                0x00000000000000a2                __vector_23
                0x00000000000000a2                __vector_25
                0x00000000000000a2                __vector_11
                0x00000000000000a2                __vector_13
                0x00000000000000a2                __vector_17
                0x00000000000000a2                __vector_19
                0x00000000000000a2                __vector_7
                0x00000000000000a2                __vector_4
                0x00000000000000a2                __vector_9
                0x00000000000000a2                __vector_2
                0x00000000000000a2                __vector_15
                0x00000000000000a2                __vector_8
                0x00000000000000a2                __vector_10
                0x00000000000000a2                __vector_16
                0x00000000000000a2                __vector_20
 .text          0x00000000000000a6        0x0 ./adc.o
 .text          0x00000000000000a6        0x0 ./display.o
 .text          0x00000000000000a6        0x0 ./display_hal_hd44780.o
 .text          0x00000000000000a6        0x0 ./display_hal_uart.o
 .text          0x00000000000000a6        0x0 ./encoder.o
 .text          0x00000000000000a6        0x0 ./main.o
 .text          0x00000000000000a6        0x0 ./pwm.o
 .text          0x00000000000000a6        0x0 ./remote.o
 .text          0x00000000000000a6        0x0 ./system.o
 .text          0x00000000000000a6        0x0 ./time.o
 .text          0x00000000000000a6        0x0 ./uart.o
 .text          0x00000000000000a6        0x0 /usr/lib/gcc/avr/4.8.1/avr5/libgcc.a(_divmodhi4.o)
 .text          0x00000000000000a6        0x0 /usr/lib/gcc/avr/4.8.1/avr5/libgcc.a(_exit.o)
 .text          0x00000000000000a6        0x0 /usr/lib/gcc/avr/4.8.1/avr5/libgcc.a(_copy_data.o)
 .text          0x00000000000000a6        0x0 /usr/lib/gcc/avr/4.8.1/avr5/libgcc.a(_clear_bss.o)
 .text          0x00000000000000a6        0x0 /usr/lib/gcc/avr/4.8.1/avr5/libgcc.a(_udivmodhi4.o)
 .text          0x00000000000000a6        0x0 /usr/lib/gcc/avr/4.8.1/../../../avr/lib/avr5/libm.a(addsf3.o)
 .text          0x00000000000000a6        0x0 /usr/lib/gcc/avr/4.8.1/../../../avr/lib/avr5/libm.a(addsf3x.o)
 .text          0x00000000000000a6        0x0 /usr/lib/gcc/avr/4.8.1/../../../avr/lib/avr5/libm.a(divsf3.o)
 .text          0x00000000000000a6        0x0 /usr/lib/gcc/avr/4.8.1/../../../avr/lib/avr5/libm.a(divsf3x.o)
 .text          0x00000000000000a6        0x0 /usr/lib/gcc/avr/4.8.1/../../../avr/lib/avr5/libm.a(fixunssfsi.o)
 .text          0x00000000000000a6        0x0 /usr/lib/gcc/avr/4.8.1/../../../avr/lib/avr5/libm.a(floatsisf.o)
 .text          0x00000000000000a6        0x0 /usr/lib/gcc/avr/4.8.1/../../../avr/lib/avr5/libm.a(fp_inf.o)
 .text          0x00000000000000a6        0x0 /usr/lib/gcc/avr/4.8.1/../../../avr/lib/avr5/libm.a(fp_nan.o)
 .text          0x00000000000000a6        0x0 /usr/lib/gcc/avr/4.8.1/../../../avr/lib/avr5/libm.a(fp_pscA.o)
 .text          0x00000000000000a6        0x0 /usr/lib/gcc/avr/4.8.1/../../../avr/lib/avr5/libm.a(fp_pscB.o)
 .text          0x00000000000000a6        0x0 /usr/lib/gcc/avr/4.8.1/../../../avr/lib/avr5/libm.a(fp_round.o)
 .text          0x00000000000000a6        0x0 /usr/lib/gcc/avr/4.8.1/../../../avr/lib/avr5/libm.a(fp_split3.o)
 .text          0x00000000000000a6        0x0 /usr/lib/gcc/avr/4.8.1/../../../avr/lib/avr5/libm.a(fp_zero.o)
 .text          0x00000000000000a6        0x0 /usr/lib/gcc/avr/4.8.1/../../../avr/lib/avr5/libm.a(mulsf3.o)
 .text          0x00000000000000a6        0x0 /usr/lib/gcc/avr/4.8.1/../../../avr/lib/avr5/libm.a(mulsf3x.o)
 .text          0x00000000000000a6        0x0 /usr/lib/gcc/avr/4.8.1/../../../avr/lib/avr5/libc.a(memset.o)
 .text          0x00000000000000a6        0x0 /usr/lib/gcc/avr/4.8.1/../../../avr/lib/avr5/libc.a(iob.o)
 .text          0x00000000000000a6        0x0 /usr/lib/gcc/avr/4.8.1/../../../avr/lib/avr5/libc.a(printf.o)
 .text          0x00000000000000a6        0x0 /usr/lib/gcc/avr/4.8.1/../../../avr/lib/avr5/libc.a(vsnprintf.o)
 .text          0x00000000000000a6        0x0 /usr/lib/gcc/avr/4.8.1/../../../avr/lib/avr5/libc.a(vfprintf_std.o)
 .text          0x00000000000000a6        0x0 /usr/lib/gcc/avr/4.8.1/../../../avr/lib/avr5/libc.a(strnlen_P.o)
 .text          0x00000000000000a6        0x0 /usr/lib/gcc/avr/4.8.1/../../../avr/lib/avr5/libc.a(strnlen.o)
 .text          0x00000000000000a6        0x0 /usr/lib/gcc/avr/4.8.1/../../../avr/lib/avr5/libc.a(fputc.o)
 .text          0x00000000000000a6        0x0 /usr/lib/gcc/avr/4.8.1/../../../avr/lib/avr5/libc.a(ultoa_invert.o)
 .text          0x00000000000000a6        0x0 /usr/lib/gcc/avr/4.8.1/avr5/libgcc.a(_prologue.o)
 .text          0x00000000000000a6        0x0 /usr/lib/gcc/avr/4.8.1/avr5/libgcc.a(_epilogue.o)
                0x00000000000000a6                . = ALIGN (0x2)
 *(.text.*)
 .text.__vector_21
                0x00000000000000a6       0xa8 ./adc.o
                0x00000000000000a6                __vector_21
 .text.adc_init
                0x000000000000014e       0x22 ./adc.o
                0x000000000000014e                adc_init
 .text.adc_get  0x0000000000000170       0x12 ./adc.o
                0x0000000000000170                adc_get
 .text.adc_last_capture
                0x0000000000000182        0x2 ./adc.o
                0x0000000000000182                adc_last_capture
 .text.adc_last_reset
                0x0000000000000184        0x2 ./adc.o
                0x0000000000000184                adc_last_reset
 .text.display_init
                0x0000000000000186        0xe ./display.o
                0x0000000000000186                display_init
 .text.display_clear
                0x0000000000000194       0x38 ./display.o
                0x0000000000000194                display_clear
 .text.display_clear_all
                0x00000000000001cc        0x6 ./display.o
                0x00000000000001cc                display_clear_all
 .text.display_periodic
                0x00000000000001d2       0x6a ./display.o
                0x00000000000001d2                display_periodic
 .text.display_set_cursor
                0x000000000000023c       0x14 ./display.o
                0x000000000000023c                display_set_cursor
 .text.display_advance_cursor
                0x0000000000000250       0x2a ./display.o
                0x0000000000000250                display_advance_cursor
 .text.display_hide_cursor
                0x000000000000027a        0x6 ./display.o
                0x000000000000027a                display_hide_cursor
 .text.display_write_char
                0x0000000000000280       0x24 ./display.o
                0x0000000000000280                display_write_char
 .text.display_write_string
                0x00000000000002a4       0x18 ./display.o
                0x00000000000002a4                display_write_string
 .text.display_write_stringf
                0x00000000000002bc       0x2c ./display.o
                0x00000000000002bc                display_write_stringf
 .text.display_hal_init
                0x00000000000002e8       0x4a ./display_hal_hd44780.o
                0x00000000000002e8                display_hal_init
 .text.display_hal_set_cursor
                0x0000000000000332        0x2 ./display_hal_hd44780.o
                0x0000000000000332                display_hal_set_cursor
 .text.display_hal_write_char
                0x0000000000000334        0x2 ./display_hal_hd44780.o
                0x0000000000000334                display_hal_write_char
 .text.display_hal_cursor_visibility
                0x0000000000000336        0x2 ./display_hal_hd44780.o
                0x0000000000000336                display_hal_cursor_visibility
 .text.display_hal_init_DISABLED
                0x0000000000000338        0x8 ./display_hal_uart.o
                0x0000000000000338                display_hal_init_DISABLED
 .text.display_hal_set_cursor_DISABLED
                0x0000000000000340       0x2c ./display_hal_uart.o
                0x0000000000000340                display_hal_set_cursor_DISABLED
 .text.display_hal_write_char_DISABLED
                0x000000000000036c        0x8 ./display_hal_uart.o
                0x000000000000036c                display_hal_write_char_DISABLED
 .text.display_hal_cursor_visibility_DISABLED
                0x0000000000000374       0x12 ./display_hal_uart.o
                0x0000000000000374                display_hal_cursor_visibility_DISABLED
 .text.encoder_init
                0x0000000000000386       0x60 ./encoder.o
                0x0000000000000386                encoder_init
 .text.encoder_set_callback
                0x00000000000003e6       0x12 ./encoder.o
                0x00000000000003e6                encoder_set_callback
 .text.__vector_3
                0x00000000000003f8       0x14 ./encoder.o
                0x00000000000003f8                __vector_3
 .text.__vector_5
                0x000000000000040c      0x17a ./encoder.o
                0x000000000000040c                __vector_5
 .text.uart_received
                0x0000000000000586        0x4 ./main.o
                0x0000000000000586                uart_received
 .text.psu_get_channel_from_node_id
                0x000000000000058a       0x22 ./main.o
                0x000000000000058a                psu_get_channel_from_node_id
 .text.lib_sum  0x00000000000005ac       0x28 ./main.o
                0x00000000000005ac                lib_sum
 .text.lib_diff
                0x00000000000005d4       0x1c ./main.o
                0x00000000000005d4                lib_diff
 .text.encoder_event_callback
                0x00000000000005f0       0x62 ./main.o
 .text.lib_limit
                0x0000000000000652       0x2c ./main.o
                0x0000000000000652                lib_limit
 .text.lib_scale
                0x000000000000067e       0xf6 ./main.o
                0x000000000000067e                lib_scale
 .text.startup.main
                0x0000000000000774      0x386 ./main.o
                0x0000000000000774                main
 .text.pwm_init
                0x0000000000000afa       0x4c ./pwm.o
                0x0000000000000afa                pwm_init
 .text.pwm_enable_channel
                0x0000000000000b46       0x48 ./pwm.o
                0x0000000000000b46                pwm_enable_channel
 .text.pwm_set_duty
                0x0000000000000b8e       0x30 ./pwm.o
                0x0000000000000b8e                pwm_set_duty
 .text.pwm_get_resolution
                0x0000000000000bbe       0x12 ./pwm.o
                0x0000000000000bbe                pwm_get_resolution
 .text.remote_datagram_to_buffer
                0x0000000000000bd0       0x32 ./remote.o
                0x0000000000000bd0                remote_datagram_to_buffer
 .text.remote_buffer_alloc
                0x0000000000000c02       0x2c ./remote.o
                0x0000000000000c02                remote_buffer_alloc
 .text.remote_receive_buffer_alloc
                0x0000000000000c2e        0xa ./remote.o
                0x0000000000000c2e                remote_receive_buffer_alloc
 .text.remote_send_buffer_alloc
                0x0000000000000c38        0xa ./remote.o
                0x0000000000000c38                remote_send_buffer_alloc
 .text.remote_buffer_get_oldest
                0x0000000000000c42       0x62 ./remote.o
                0x0000000000000c42                remote_buffer_get_oldest
 .text.remote_receive_buffer_get_oldest
                0x0000000000000ca4        0xa ./remote.o
                0x0000000000000ca4                remote_receive_buffer_get_oldest
 .text.remote_send_buffer_get_oldest
                0x0000000000000cae        0xa ./remote.o
                0x0000000000000cae                remote_send_buffer_get_oldest
 .text.remote_receive_buffer_get
                0x0000000000000cb8       0x5a ./remote.o
                0x0000000000000cb8                remote_receive_buffer_get
 .text.remote_send_buffer_send
                0x0000000000000d12       0x20 ./remote.o
                0x0000000000000d12                remote_send_buffer_send
 .text.remote_calc_crc_buffer_and_compare
                0x0000000000000d32       0x74 ./remote.o
                0x0000000000000d32                remote_calc_crc_buffer_and_compare
 .text.remote_buffer_to_datagram
                0x0000000000000da6      0x1c4 ./remote.o
                0x0000000000000da6                remote_buffer_to_datagram
 .text.datagram_buffer_to_remote
                0x0000000000000f6a       0xae ./remote.o
                0x0000000000000f6a                datagram_buffer_to_remote
 .text.__vector_default
                0x0000000000001018       0x14 ./system.o
                0x0000000000001018                __vector_default
 .text.system_fatal
                0x000000000000102c        0x6 ./system.o
                0x000000000000102c                system_fatal
 .text.system_reset
                0x0000000000001032        0x6 ./system.o
                0x0000000000001032                system_reset
 .text.system_init
                0x0000000000001038        0x6 ./system.o
                0x0000000000001038                system_init
 .text.timer_init
                0x000000000000103e       0x16 ./time.o
                0x000000000000103e                timer_init
 .text.__vector_14
                0x0000000000001054       0x4c ./time.o
                0x0000000000001054                __vector_14
 .text.uart_putchar
                0x00000000000010a0        0xe ./uart.o
                0x00000000000010a0                uart_putchar
 .text.uart_getchar
                0x00000000000010ae        0xe ./uart.o
                0x00000000000010ae                uart_getchar
 .text.uart_init
                0x00000000000010bc       0x34 ./uart.o
                0x00000000000010bc                uart_init
 .text.__vector_18
                0x00000000000010f0       0x56 ./uart.o
                0x00000000000010f0                __vector_18
 .text.uart_callback
                0x0000000000001146        0xa ./uart.o
                0x0000000000001146                uart_callback
 .text.uart_putstring
                0x0000000000001150       0x1c ./uart.o
                0x0000000000001150                uart_putstring
 .text.libgcc.mul
                0x000000000000116c        0x0 /usr/lib/gcc/avr/4.8.1/avr5/libgcc.a(_divmodhi4.o)
 .text.libgcc.div
                0x000000000000116c       0x28 /usr/lib/gcc/avr/4.8.1/avr5/libgcc.a(_divmodhi4.o)
                0x000000000000116c                __divmodhi4
                0x000000000000116c                _div
 .text.libgcc   0x0000000000001194        0x0 /usr/lib/gcc/avr/4.8.1/avr5/libgcc.a(_divmodhi4.o)
 .text.libgcc.prologue
                0x0000000000001194        0x0 /usr/lib/gcc/avr/4.8.1/avr5/libgcc.a(_divmodhi4.o)
 .text.libgcc.builtins
                0x0000000000001194        0x0 /usr/lib/gcc/avr/4.8.1/avr5/libgcc.a(_divmodhi4.o)
 .text.libgcc.fmul
                0x0000000000001194        0x0 /usr/lib/gcc/avr/4.8.1/avr5/libgcc.a(_divmodhi4.o)
 .text.libgcc.fixed
                0x0000000000001194        0x0 /usr/lib/gcc/avr/4.8.1/avr5/libgcc.a(_divmodhi4.o)
 .text.libgcc.mul
                0x0000000000001194        0x0 /usr/lib/gcc/avr/4.8.1/avr5/libgcc.a(_exit.o)
 .text.libgcc.div
                0x0000000000001194        0x0 /usr/lib/gcc/avr/4.8.1/avr5/libgcc.a(_exit.o)
 .text.libgcc   0x0000000000001194        0x0 /usr/lib/gcc/avr/4.8.1/avr5/libgcc.a(_exit.o)
 .text.libgcc.prologue
                0x0000000000001194        0x0 /usr/lib/gcc/avr/4.8.1/avr5/libgcc.a(_exit.o)
 .text.libgcc.builtins
                0x0000000000001194        0x0 /usr/lib/gcc/avr/4.8.1/avr5/libgcc.a(_exit.o)
 .text.libgcc.fmul
                0x0000000000001194        0x0 /usr/lib/gcc/avr/4.8.1/avr5/libgcc.a(_exit.o)
 .text.libgcc.fixed
                0x0000000000001194        0x0 /usr/lib/gcc/avr/4.8.1/avr5/libgcc.a(_exit.o)
 .text.libgcc.mul
                0x0000000000001194        0x0 /usr/lib/gcc/avr/4.8.1/avr5/libgcc.a(_copy_data.o)
 .text.libgcc.div
                0x0000000000001194        0x0 /usr/lib/gcc/avr/4.8.1/avr5/libgcc.a(_copy_data.o)
 .text.libgcc   0x0000000000001194        0x0 /usr/lib/gcc/avr/4.8.1/avr5/libgcc.a(_copy_data.o)
 .text.libgcc.prologue
                0x0000000000001194        0x0 /usr/lib/gcc/avr/4.8.1/avr5/libgcc.a(_copy_data.o)
 .text.libgcc.builtins
                0x0000000000001194        0x0 /usr/lib/gcc/avr/4.8.1/avr5/libgcc.a(_copy_data.o)
 .text.libgcc.fmul
                0x0000000000001194        0x0 /usr/lib/gcc/avr/4.8.1/avr5/libgcc.a(_copy_data.o)
 .text.libgcc.fixed
                0x0000000000001194        0x0 /usr/lib/gcc/avr/4.8.1/avr5/libgcc.a(_copy_data.o)
 .text.libgcc.mul
                0x0000000000001194        0x0 /usr/lib/gcc/avr/4.8.1/avr5/libgcc.a(_clear_bss.o)
 .text.libgcc.div
                0x0000000000001194        0x0 /usr/lib/gcc/avr/4.8.1/avr5/libgcc.a(_clear_bss.o)
 .text.libgcc   0x0000000000001194        0x0 /usr/lib/gcc/avr/4.8.1/avr5/libgcc.a(_clear_bss.o)
 .text.libgcc.prologue
                0x0000000000001194        0x0 /usr/lib/gcc/avr/4.8.1/avr5/libgcc.a(_clear_bss.o)
 .text.libgcc.builtins
                0x0000000000001194        0x0 /usr/lib/gcc/avr/4.8.1/avr5/libgcc.a(_clear_bss.o)
 .text.libgcc.fmul
                0x0000000000001194        0x0 /usr/lib/gcc/avr/4.8.1/avr5/libgcc.a(_clear_bss.o)
 .text.libgcc.fixed
                0x0000000000001194        0x0 /usr/lib/gcc/avr/4.8.1/avr5/libgcc.a(_clear_bss.o)
 .text.libgcc.mul
                0x0000000000001194        0x0 /usr/lib/gcc/avr/4.8.1/avr5/libgcc.a(_udivmodhi4.o)
 .text.libgcc.div
                0x0000000000001194       0x28 /usr/lib/gcc/avr/4.8.1/avr5/libgcc.a(_udivmodhi4.o)
                0x0000000000001194                __udivmodhi4
 .text.libgcc   0x00000000000011bc        0x0 /usr/lib/gcc/avr/4.8.1/avr5/libgcc.a(_udivmodhi4.o)
 .text.libgcc.prologue
                0x00000000000011bc        0x0 /usr/lib/gcc/avr/4.8.1/avr5/libgcc.a(_udivmodhi4.o)
 .text.libgcc.builtins
                0x00000000000011bc        0x0 /usr/lib/gcc/avr/4.8.1/avr5/libgcc.a(_udivmodhi4.o)
 .text.libgcc.fmul
                0x00000000000011bc        0x0 /usr/lib/gcc/avr/4.8.1/avr5/libgcc.a(_udivmodhi4.o)
 .text.libgcc.fixed
                0x00000000000011bc        0x0 /usr/lib/gcc/avr/4.8.1/avr5/libgcc.a(_udivmodhi4.o)
 .text.avr-libc.fplib
                0x00000000000011bc        0xa /usr/lib/gcc/avr/4.8.1/../../../avr/lib/avr5/libm.a(addsf3.o)
                0x00000000000011bc                __subsf3
                0x00000000000011be                __addsf3
 .text.avr-libc.fplib
                0x00000000000011c6       0xc0 /usr/lib/gcc/avr/4.8.1/../../../avr/lib/avr5/libm.a(addsf3x.o)
                0x00000000000011e0                __addsf3x
 .text.avr-libc.fplib
                0x0000000000001286        0x4 /usr/lib/gcc/avr/4.8.1/../../../avr/lib/avr5/libm.a(divsf3.o)
                0x0000000000001286                __divsf3
 .text.avr-libc.fplib
                0x000000000000128a       0xcc /usr/lib/gcc/avr/4.8.1/../../../avr/lib/avr5/libm.a(divsf3x.o)
                0x00000000000012a0                __divsf3x
                0x00000000000012a4                __divsf3_pse
 .text.avr-libc.fplib
                0x0000000000001356       0x58 /usr/lib/gcc/avr/4.8.1/../../../avr/lib/avr5/libm.a(fixunssfsi.o)
                0x0000000000001356                __fixunssfsi
 .text.avr-libc.fplib
                0x00000000000013ae       0x7a /usr/lib/gcc/avr/4.8.1/../../../avr/lib/avr5/libm.a(floatsisf.o)
                0x00000000000013ae                __floatunsisf
                0x00000000000013b2                __floatsisf
 .text.avr-libc.fplib
                0x0000000000001428        0xc /usr/lib/gcc/avr/4.8.1/../../../avr/lib/avr5/libm.a(fp_inf.o)
                0x0000000000001428                __fp_inf
 .text.avr-libc.fplib
                0x0000000000001434        0x6 /usr/lib/gcc/avr/4.8.1/../../../avr/lib/avr5/libm.a(fp_nan.o)
                0x0000000000001434                __fp_nan
 .text.avr-libc.fplib
                0x000000000000143a        0xe /usr/lib/gcc/avr/4.8.1/../../../avr/lib/avr5/libm.a(fp_pscA.o)
                0x000000000000143a                __fp_pscA
 .text.avr-libc.fplib
                0x0000000000001448        0xe /usr/lib/gcc/avr/4.8.1/../../../avr/lib/avr5/libm.a(fp_pscB.o)
                0x0000000000001448                __fp_pscB
 .text.avr-libc.fplib
                0x0000000000001456       0x22 /usr/lib/gcc/avr/4.8.1/../../../avr/lib/avr5/libm.a(fp_round.o)
                0x0000000000001456                __fp_round
 .text.avr-libc.fplib
                0x0000000000001478       0x44 /usr/lib/gcc/avr/4.8.1/../../../avr/lib/avr5/libm.a(fp_split3.o)
                0x0000000000001478                __fp_split3
                0x0000000000001488                __fp_splitA
 .text.avr-libc.fplib
                0x00000000000014bc        0xe /usr/lib/gcc/avr/4.8.1/../../../avr/lib/avr5/libm.a(fp_zero.o)
                0x00000000000014bc                __fp_zero
                0x00000000000014be                __fp_szero
 .text.avr-libc.fplib
                0x00000000000014ca        0x4 /usr/lib/gcc/avr/4.8.1/../../../avr/lib/avr5/libm.a(mulsf3.o)
                0x00000000000014ca                __mulsf3
 .text.avr-libc.fplib
                0x00000000000014ce       0xc2 /usr/lib/gcc/avr/4.8.1/../../../avr/lib/avr5/libm.a(mulsf3x.o)
                0x00000000000014e2                __mulsf3x
                0x00000000000014e6                __mulsf3_pse
 .text.avr-libc
                0x0000000000001590        0xe /usr/lib/gcc/avr/4.8.1/../../../avr/lib/avr5/libc.a(memset.o)
                0x0000000000001590                memset
 .text.avr-libc
                0x000000000000159e       0x28 /usr/lib/gcc/avr/4.8.1/../../../avr/lib/avr5/libc.a(printf.o)
                0x000000000000159e                printf
 .text.avr-libc
                0x00000000000015c6       0x58 /usr/lib/gcc/avr/4.8.1/../../../avr/lib/avr5/libc.a(vsnprintf.o)
                0x00000000000015c6                vsnprintf
 .text.avr-libc
                0x000000000000161e      0x3a4 /usr/lib/gcc/avr/4.8.1/../../../avr/lib/avr5/libc.a(vfprintf_std.o)
                0x000000000000161e                vfprintf
 .text.avr-libc
                0x00000000000019c2       0x16 /usr/lib/gcc/avr/4.8.1/../../../avr/lib/avr5/libc.a(strnlen_P.o)
                0x00000000000019c2                strnlen_P
 .text.avr-libc
                0x00000000000019d8       0x16 /usr/lib/gcc/avr/4.8.1/../../../avr/lib/avr5/libc.a(strnlen.o)
                0x00000000000019d8                strnlen
 .text.avr-libc
                0x00000000000019ee       0x64 /usr/lib/gcc/avr/4.8.1/../../../avr/lib/avr5/libc.a(fputc.o)
                0x00000000000019ee                fputc
 .text.avr-libc
                0x0000000000001a52       0xbc /usr/lib/gcc/avr/4.8.1/../../../avr/lib/avr5/libc.a(ultoa_invert.o)
                0x0000000000001a52                __ultoa_invert
 .text.libgcc.mul
                0x0000000000001b0e        0x0 /usr/lib/gcc/avr/4.8.1/avr5/libgcc.a(_prologue.o)
 .text.libgcc.div
                0x0000000000001b0e        0x0 /usr/lib/gcc/avr/4.8.1/avr5/libgcc.a(_prologue.o)
 .text.libgcc   0x0000000000001b0e        0x0 /usr/lib/gcc/avr/4.8.1/avr5/libgcc.a(_prologue.o)
 .text.libgcc.prologue
                0x0000000000001b0e       0x38 /usr/lib/gcc/avr/4.8.1/avr5/libgcc.a(_prologue.o)
                0x0000000000001b0e                __prologue_saves__
 .text.libgcc.builtins
                0x0000000000001b46        0x0 /usr/lib/gcc/avr/4.8.1/avr5/libgcc.a(_prologue.o)
 .text.libgcc.fmul
                0x0000000000001b46        0x0 /usr/lib/gcc/avr/4.8.1/avr5/libgcc.a(_prologue.o)
 .text.libgcc.fixed
                0x0000000000001b46        0x0 /usr/lib/gcc/avr/4.8.1/avr5/libgcc.a(_prologue.o)
 .text.libgcc.mul
                0x0000000000001b46        0x0 /usr/lib/gcc/avr/4.8.1/avr5/libgcc.a(_epilogue.o)
 .text.libgcc.div
                0x0000000000001b46        0x0 /usr/lib/gcc/avr/4.8.1/avr5/libgcc.a(_epilogue.o)
 .text.libgcc   0x0000000000001b46        0x0 /usr/lib/gcc/avr/4.8.1/avr5/libgcc.a(_epilogue.o)
 .text.libgcc.prologue
                0x0000000000001b46       0x36 /usr/lib/gcc/avr/4.8.1/avr5/libgcc.a(_epilogue.o)
                0x0000000000001b46                __epilogue_restores__
 .text.libgcc.builtins
                0x0000000000001b7c        0x0 /usr/lib/gcc/avr/4.8.1/avr5/libgcc.a(_epilogue.o)
 .text.libgcc.fmul
                0x0000000000001b7c        0x0 /usr/lib/gcc/avr/4.8.1/avr5/libgcc.a(_epilogue.o)
 .text.libgcc.fixed
                0x0000000000001b7c        0x0 /usr/lib/gcc/avr/4.8.1/avr5/libgcc.a(_epilogue.o)
                0x0000000000001b7c                . = ALIGN (0x2)
 *(.fini9)
 .fini9         0x0000000000001b7c        0x0 /usr/lib/gcc/avr/4.8.1/avr5/libgcc.a(_exit.o)
                0x0000000000001b7c                exit
                0x0000000000001b7c                _exit
 *(.fini9)
 *(.fini8)
 *(.fini8)
 *(.fini7)
 *(.fini7)
 *(.fini6)
 *(.fini6)
 *(.fini5)
 *(.fini5)
 *(.fini4)
 *(.fini4)
 *(.fini3)
 *(.fini3)
 *(.fini2)
 *(.fini2)
 *(.fini1)
 *(.fini1)
 *(.fini0)
 .fini0         0x0000000000001b7c        0x4 /usr/lib/gcc/avr/4.8.1/avr5/libgcc.a(_exit.o)
 *(.fini0)
                0x0000000000001b80                _etext = .

.data           0x0000000000800100       0xd8 load address 0x0000000000001b80
                0x0000000000800100                PROVIDE (__data_start, .)
 *(.data)
 .data          0x0000000000800100        0x0 /usr/lib/gcc/avr/4.8.1/../../../avr/lib/avr5/crtm328p.o
 .data          0x0000000000800100        0x0 ./adc.o
 .data          0x0000000000800100        0x0 ./display.o
 .data          0x0000000000800100        0x0 ./display_hal_hd44780.o
 .data          0x0000000000800100        0x0 ./display_hal_uart.o
 .data          0x0000000000800100        0x0 ./encoder.o
 .data          0x0000000000800100        0x0 ./main.o
 .data          0x0000000000800100        0x0 ./pwm.o
 .data          0x0000000000800100        0x0 ./remote.o
 .data          0x0000000000800100        0x0 ./system.o
 .data          0x0000000000800100        0x0 ./time.o
 .data          0x0000000000800100        0x0 ./uart.o
 .data          0x0000000000800100        0x0 /usr/lib/gcc/avr/4.8.1/avr5/libgcc.a(_divmodhi4.o)
 .data          0x0000000000800100        0x0 /usr/lib/gcc/avr/4.8.1/avr5/libgcc.a(_exit.o)
 .data          0x0000000000800100        0x0 /usr/lib/gcc/avr/4.8.1/avr5/libgcc.a(_copy_data.o)
 .data          0x0000000000800100        0x0 /usr/lib/gcc/avr/4.8.1/avr5/libgcc.a(_clear_bss.o)
 .data          0x0000000000800100        0x0 /usr/lib/gcc/avr/4.8.1/avr5/libgcc.a(_udivmodhi4.o)
 .data          0x0000000000800100        0x0 /usr/lib/gcc/avr/4.8.1/../../../avr/lib/avr5/libm.a(addsf3.o)
 .data          0x0000000000800100        0x0 /usr/lib/gcc/avr/4.8.1/../../../avr/lib/avr5/libm.a(addsf3x.o)
 .data          0x0000000000800100        0x0 /usr/lib/gcc/avr/4.8.1/../../../avr/lib/avr5/libm.a(divsf3.o)
 .data          0x0000000000800100        0x0 /usr/lib/gcc/avr/4.8.1/../../../avr/lib/avr5/libm.a(divsf3x.o)
 .data          0x0000000000800100        0x0 /usr/lib/gcc/avr/4.8.1/../../../avr/lib/avr5/libm.a(fixunssfsi.o)
 .data          0x0000000000800100        0x0 /usr/lib/gcc/avr/4.8.1/../../../avr/lib/avr5/libm.a(floatsisf.o)
 .data          0x0000000000800100        0x0 /usr/lib/gcc/avr/4.8.1/../../../avr/lib/avr5/libm.a(fp_inf.o)
 .data          0x0000000000800100        0x0 /usr/lib/gcc/avr/4.8.1/../../../avr/lib/avr5/libm.a(fp_nan.o)
 .data          0x0000000000800100        0x0 /usr/lib/gcc/avr/4.8.1/../../../avr/lib/avr5/libm.a(fp_pscA.o)
 .data          0x0000000000800100        0x0 /usr/lib/gcc/avr/4.8.1/../../../avr/lib/avr5/libm.a(fp_pscB.o)
 .data          0x0000000000800100        0x0 /usr/lib/gcc/avr/4.8.1/../../../avr/lib/avr5/libm.a(fp_round.o)
 .data          0x0000000000800100        0x0 /usr/lib/gcc/avr/4.8.1/../../../avr/lib/avr5/libm.a(fp_split3.o)
 .data          0x0000000000800100        0x0 /usr/lib/gcc/avr/4.8.1/../../../avr/lib/avr5/libm.a(fp_zero.o)
 .data          0x0000000000800100        0x0 /usr/lib/gcc/avr/4.8.1/../../../avr/lib/avr5/libm.a(mulsf3.o)
 .data          0x0000000000800100        0x0 /usr/lib/gcc/avr/4.8.1/../../../avr/lib/avr5/libm.a(mulsf3x.o)
 .data          0x0000000000800100        0x0 /usr/lib/gcc/avr/4.8.1/../../../avr/lib/avr5/libc.a(memset.o)
 .data          0x0000000000800100        0x0 /usr/lib/gcc/avr/4.8.1/../../../avr/lib/avr5/libc.a(iob.o)
 .data          0x0000000000800100        0x0 /usr/lib/gcc/avr/4.8.1/../../../avr/lib/avr5/libc.a(printf.o)
 .data          0x0000000000800100        0x0 /usr/lib/gcc/avr/4.8.1/../../../avr/lib/avr5/libc.a(vsnprintf.o)
 .data          0x0000000000800100        0x0 /usr/lib/gcc/avr/4.8.1/../../../avr/lib/avr5/libc.a(vfprintf_std.o)
 .data          0x0000000000800100        0x0 /usr/lib/gcc/avr/4.8.1/../../../avr/lib/avr5/libc.a(strnlen_P.o)
 .data          0x0000000000800100        0x0 /usr/lib/gcc/avr/4.8.1/../../../avr/lib/avr5/libc.a(strnlen.o)
 .data          0x0000000000800100        0x0 /usr/lib/gcc/avr/4.8.1/../../../avr/lib/avr5/libc.a(fputc.o)
 .data          0x0000000000800100        0x0 /usr/lib/gcc/avr/4.8.1/../../../avr/lib/avr5/libc.a(ultoa_invert.o)
 .data          0x0000000000800100        0x0 /usr/lib/gcc/avr/4.8.1/avr5/libgcc.a(_prologue.o)
 .data          0x0000000000800100        0x0 /usr/lib/gcc/avr/4.8.1/avr5/libgcc.a(_epilogue.o)
 *(.data*)
 .data.uart_input
                0x0000000000800100        0xe ./uart.o
                0x0000000000800100                uart_input
 .data.uart_output
                0x000000000080010e        0xe ./uart.o
                0x000000000080010e                uart_output
 *(.rodata)
 *(.rodata*)
 .rodata.str1.1
                0x000000000080011c       0x1f ./display_hal_uart.o
 .rodata.enc_lookup
                0x000000000080013b       0x10 ./encoder.o
 .rodata.str1.1
                0x000000000080014b        0x3 ./main.o
                                          0x6 (size before relaxing)
 .rodata.smoothing_result
                0x000000000080014e       0x40 ./main.o
 .rodata.smoothing_deltat
                0x000000000080018e       0x40 ./main.o
 .rodata.str1.1
                0x00000000008001ce        0xa ./system.o
 *(.gnu.linkonce.d*)
                0x00000000008001d8                . = ALIGN (0x2)
                0x00000000008001d8                _edata = .
                0x00000000008001d8                PROVIDE (__data_end, .)

.bss            0x00000000008001d8      0x26c
                0x00000000008001d8                PROVIDE (__bss_start, .)
 *(.bss)
 .bss           0x00000000008001d8        0x0 /usr/lib/gcc/avr/4.8.1/../../../avr/lib/avr5/crtm328p.o
 .bss           0x00000000008001d8        0x0 ./adc.o
 .bss           0x00000000008001d8        0x0 ./display.o
 .bss           0x00000000008001d8        0x0 ./display_hal_hd44780.o
 .bss           0x00000000008001d8        0x0 ./display_hal_uart.o
 .bss           0x00000000008001d8        0x0 ./encoder.o
 .bss           0x00000000008001d8        0x0 ./main.o
 .bss           0x00000000008001d8        0x0 ./pwm.o
 .bss           0x00000000008001d8        0x0 ./remote.o
 .bss           0x00000000008001d8        0x0 ./system.o
 .bss           0x00000000008001d8        0x0 ./time.o
 .bss           0x00000000008001d8        0x0 ./uart.o
 .bss           0x00000000008001d8        0x0 /usr/lib/gcc/avr/4.8.1/avr5/libgcc.a(_divmodhi4.o)
 .bss           0x00000000008001d8        0x0 /usr/lib/gcc/avr/4.8.1/avr5/libgcc.a(_exit.o)
 .bss           0x00000000008001d8        0x0 /usr/lib/gcc/avr/4.8.1/avr5/libgcc.a(_copy_data.o)
 .bss           0x00000000008001d8        0x0 /usr/lib/gcc/avr/4.8.1/avr5/libgcc.a(_clear_bss.o)
 .bss           0x00000000008001d8        0x0 /usr/lib/gcc/avr/4.8.1/avr5/libgcc.a(_udivmodhi4.o)
 .bss           0x00000000008001d8        0x0 /usr/lib/gcc/avr/4.8.1/../../../avr/lib/avr5/libm.a(addsf3.o)
 .bss           0x00000000008001d8        0x0 /usr/lib/gcc/avr/4.8.1/../../../avr/lib/avr5/libm.a(addsf3x.o)
 .bss           0x00000000008001d8        0x0 /usr/lib/gcc/avr/4.8.1/../../../avr/lib/avr5/libm.a(divsf3.o)
 .bss           0x00000000008001d8        0x0 /usr/lib/gcc/avr/4.8.1/../../../avr/lib/avr5/libm.a(divsf3x.o)
 .bss           0x00000000008001d8        0x0 /usr/lib/gcc/avr/4.8.1/../../../avr/lib/avr5/libm.a(fixunssfsi.o)
 .bss           0x00000000008001d8        0x0 /usr/lib/gcc/avr/4.8.1/../../../avr/lib/avr5/libm.a(floatsisf.o)
 .bss           0x00000000008001d8        0x0 /usr/lib/gcc/avr/4.8.1/../../../avr/lib/avr5/libm.a(fp_inf.o)
 .bss           0x00000000008001d8        0x0 /usr/lib/gcc/avr/4.8.1/../../../avr/lib/avr5/libm.a(fp_nan.o)
 .bss           0x00000000008001d8        0x0 /usr/lib/gcc/avr/4.8.1/../../../avr/lib/avr5/libm.a(fp_pscA.o)
 .bss           0x00000000008001d8        0x0 /usr/lib/gcc/avr/4.8.1/../../../avr/lib/avr5/libm.a(fp_pscB.o)
 .bss           0x00000000008001d8        0x0 /usr/lib/gcc/avr/4.8.1/../../../avr/lib/avr5/libm.a(fp_round.o)
 .bss           0x00000000008001d8        0x0 /usr/lib/gcc/avr/4.8.1/../../../avr/lib/avr5/libm.a(fp_split3.o)
 .bss           0x00000000008001d8        0x0 /usr/lib/gcc/avr/4.8.1/../../../avr/lib/avr5/libm.a(fp_zero.o)
 .bss           0x00000000008001d8        0x0 /usr/lib/gcc/avr/4.8.1/../../../avr/lib/avr5/libm.a(mulsf3.o)
 .bss           0x00000000008001d8        0x0 /usr/lib/gcc/avr/4.8.1/../../../avr/lib/avr5/libm.a(mulsf3x.o)
 .bss           0x00000000008001d8        0x0 /usr/lib/gcc/avr/4.8.1/../../../avr/lib/avr5/libc.a(memset.o)
 .bss           0x00000000008001d8        0x0 /usr/lib/gcc/avr/4.8.1/../../../avr/lib/avr5/libc.a(iob.o)
 .bss           0x00000000008001d8        0x0 /usr/lib/gcc/avr/4.8.1/../../../avr/lib/avr5/libc.a(printf.o)
 .bss           0x00000000008001d8        0x0 /usr/lib/gcc/avr/4.8.1/../../../avr/lib/avr5/libc.a(vsnprintf.o)
 .bss           0x00000000008001d8        0x0 /usr/lib/gcc/avr/4.8.1/../../../avr/lib/avr5/libc.a(vfprintf_std.o)
 .bss           0x00000000008001d8        0x0 /usr/lib/gcc/avr/4.8.1/../../../avr/lib/avr5/libc.a(strnlen_P.o)
 .bss           0x00000000008001d8        0x0 /usr/lib/gcc/avr/4.8.1/../../../avr/lib/avr5/libc.a(strnlen.o)
 .bss           0x00000000008001d8        0x0 /usr/lib/gcc/avr/4.8.1/../../../avr/lib/avr5/libc.a(fputc.o)
 .bss           0x00000000008001d8        0x0 /usr/lib/gcc/avr/4.8.1/../../../avr/lib/avr5/libc.a(ultoa_invert.o)
 .bss           0x00000000008001d8        0x0 /usr/lib/gcc/avr/4.8.1/avr5/libgcc.a(_prologue.o)
 .bss           0x00000000008001d8        0x0 /usr/lib/gcc/avr/4.8.1/avr5/libgcc.a(_epilogue.o)
 *(.bss*)
 .bss.adc_samples
                0x00000000008001d8        0xc ./adc.o
 .bss.adc_mux_switch
                0x00000000008001e4        0x1 ./adc.o
 .bss.adc_mux_index
                0x00000000008001e5        0x1 ./adc.o
 .bss.snprintf_buf
                0x00000000008001e6       0x20 ./display.o
 .bss.display_buffer
                0x0000000000800206       0x40 ./display.o
 .bss.display_status
                0x0000000000800246        0x2 ./display.o
 .bss.g_encoder
                0x0000000000800248        0xf ./encoder.o
 .bss.remote_dgram_rcv_copy
                0x0000000000800257       0x20 ./main.o
 .bss.psu_channels
                0x0000000000800277       0x6c ./main.o
 .bss.pwm_channels
                0x00000000008002e3        0x8 ./pwm.o
 .bss.remote_snd_buf
                0x00000000008002eb       0xa0 ./remote.o
 .bss.remote_rcv_buf
                0x000000000080038b       0xa0 ./remote.o
 .bss.remote_rcv_sm
                0x000000000080042b        0xd ./remote.o
 .bss.uart_cb   0x0000000000800438        0x2 ./uart.o
 *(COMMON)
 COMMON         0x000000000080043a        0x4 ./time.o
                0x000000000080043a                g_timestamp
 COMMON         0x000000000080043e        0x6 /usr/lib/gcc/avr/4.8.1/../../../avr/lib/avr5/libc.a(iob.o)
                0x000000000080043e                __iob
                0x0000000000800444                PROVIDE (__bss_end, .)
                0x0000000000001b80                __data_load_start = LOADADDR (.data)
                0x0000000000001c58                __data_load_end = (__data_load_start + SIZEOF (.data))

.noinit         0x0000000000800444        0x0
                0x0000000000800444                PROVIDE (__noinit_start, .)
 *(.noinit*)
                0x0000000000800444                PROVIDE (__noinit_end, .)
                0x0000000000800444                _end = .
                0x0000000000800444                PROVIDE (__heap_start, .)

.eeprom         0x0000000000810000        0x0
 *(.eeprom*)
                0x0000000000810000                __eeprom_end = .

.fuse
 *(.fuse)
 *(.lfuse)
 *(.hfuse)
 *(.efuse)

.lock
 *(.lock*)

.signature
 *(.signature*)

.user_signatures
 *(.user_signatures*)

.stab           0x0000000000000000     0x42fc
 *(.stab)
 .stab          0x0000000000000000      0x618 ./adc.o
 .stab          0x0000000000000618      0x6e4 ./display.o
                                        0x87c (size before relaxing)
 .stab          0x0000000000000cfc      0x3f0 ./display_hal_hd44780.o
                                        0x600 (size before relaxing)
 .stab          0x00000000000010ec      0x3b4 ./display_hal_uart.o
                                        0x5d0 (size before relaxing)
 .stab          0x00000000000014a0      0x558 ./encoder.o
                                        0x720 (size before relaxing)
 .stab          0x00000000000019f8      0xda4 ./main.o
                                       0x10a4 (size before relaxing)
 .stab          0x000000000000279c      0x4b0 ./pwm.o
                                        0x6a8 (size before relaxing)
 .stab          0x0000000000002c4c      0xaec ./remote.o
                                        0xd5c (size before relaxing)
 .stab          0x0000000000003738      0x3cc ./system.o
                                        0x624 (size before relaxing)
 .stab          0x0000000000003b04      0x324 ./time.o
                                        0x4ec (size before relaxing)
 .stab          0x0000000000003e28      0x4d4 ./uart.o
                                        0x708 (size before relaxing)

.stabstr        0x0000000000000000     0x271e
 *(.stabstr)
 .stabstr       0x0000000000000000     0x271e ./adc.o

.stab.excl
 *(.stab.excl)

.stab.exclstr
 *(.stab.exclstr)

.stab.index
 *(.stab.index)

.stab.indexstr
 *(.stab.indexstr)

.comment        0x0000000000000000       0x11
 *(.comment)
 .comment       0x0000000000000000       0x11 ./adc.o
                                         0x12 (size before relaxing)
 .comment       0x0000000000000000       0x12 ./display.o
 .comment       0x0000000000000000       0x12 ./display_hal_hd44780.o
 .comment       0x0000000000000000       0x12 ./display_hal_uart.o
 .comment       0x0000000000000000       0x12 ./encoder.o
 .comment       0x0000000000000000       0x12 ./main.o
 .comment       0x0000000000000000       0x12 ./pwm.o
 .comment       0x0000000000000000       0x12 ./remote.o
 .comment       0x0000000000000000       0x12 ./system.o
 .comment       0x0000000000000000       0x12 ./time.o
 .comment       0x0000000000000000       0x12 ./uart.o
 .comment       0x0000000000000000       0x12 /usr/lib/gcc/avr/4.8.1/../../../avr/lib/avr5/libc.a(iob.o)
 .comment       0x0000000000000000       0x12 /usr/lib/gcc/avr/4.8.1/../../../avr/lib/avr5/libc.a(printf.o)
 .comment       0x0000000000000000       0x12 /usr/lib/gcc/avr/4.8.1/../../../avr/lib/avr5/libc.a(vsnprintf.o)
 .comment       0x0000000000000000       0x12 /usr/lib/gcc/avr/4.8.1/../../../avr/lib/avr5/libc.a(vfprintf_std.o)
 .comment       0x0000000000000000       0x12 /usr/lib/gcc/avr/4.8.1/../../../avr/lib/avr5/libc.a(fputc.o)

.note.gnu.build-id
 *(.note.gnu.build-id)

.debug
 *(.debug)

.line
 *(.line)

.debug_srcinfo
 *(.debug_srcinfo)

.debug_sfnames
 *(.debug_sfnames)

.debug_aranges
 *(.debug_aranges)

.debug_pubnames
 *(.debug_pubnames)

.debug_info
 *(.debug_info .gnu.linkonce.wi.*)

.debug_abbrev
 *(.debug_abbrev)

.debug_line
 *(.debug_line .debug_line.* .debug_line_end)

.debug_frame
 *(.debug_frame)

.debug_str
 *(.debug_str)

.debug_loc
 *(.debug_loc)

.debug_macinfo
 *(.debug_macinfo)

.debug_weaknames
 *(.debug_weaknames)

.debug_funcnames
 *(.debug_funcnames)

.debug_typenames
 *(.debug_typenames)

.debug_varnames
 *(.debug_varnames)

.debug_pubtypes
 *(.debug_pubtypes)

.debug_ranges
 *(.debug_ranges)

.debug_macro
 *(.debug_macro)
OUTPUT(psu_2ch.elf elf32-avr)
LOAD linker stubs
