Archive member included because of file (symbol)

/usr/lib/gcc/avr/4.8.1/avr5/libgcc.a(_divmodhi4.o)
                              ./adc.o (__divmodhi4)
/usr/lib/gcc/avr/4.8.1/avr5/libgcc.a(_exit.o)
                              /usr/lib/gcc/avr/4.8.1/../../../avr/lib/avr5/crtm328p.o (exit)
/usr/lib/gcc/avr/4.8.1/avr5/libgcc.a(_copy_data.o)
                              ./encoder.o (__do_copy_data)
/usr/lib/gcc/avr/4.8.1/avr5/libgcc.a(_clear_bss.o)
                              ./adc.o (__do_clear_bss)
/usr/lib/gcc/avr/4.8.1/avr5/libgcc.a(_udivmodhi4.o)
                              /usr/lib/gcc/avr/4.8.1/avr5/libgcc.a(_divmodhi4.o) (__udivmodhi4)
/usr/lib/gcc/avr/4.8.1/../../../avr/lib/avr5/libm.a(addsf3.o)
                              ./main.o (__subsf3)
/usr/lib/gcc/avr/4.8.1/../../../avr/lib/avr5/libm.a(addsf3x.o)
                              /usr/lib/gcc/avr/4.8.1/../../../avr/lib/avr5/libm.a(addsf3.o) (__addsf3x)
/usr/lib/gcc/avr/4.8.1/../../../avr/lib/avr5/libm.a(divsf3.o)
                              ./main.o (__divsf3)
/usr/lib/gcc/avr/4.8.1/../../../avr/lib/avr5/libm.a(divsf3x.o)
                              /usr/lib/gcc/avr/4.8.1/../../../avr/lib/avr5/libm.a(divsf3.o) (__divsf3x)
/usr/lib/gcc/avr/4.8.1/../../../avr/lib/avr5/libm.a(fixunssfsi.o)
                              ./main.o (__fixunssfsi)
/usr/lib/gcc/avr/4.8.1/../../../avr/lib/avr5/libm.a(floatsisf.o)
                              ./main.o (__floatunsisf)
/usr/lib/gcc/avr/4.8.1/../../../avr/lib/avr5/libm.a(fp_inf.o)
                              /usr/lib/gcc/avr/4.8.1/../../../avr/lib/avr5/libm.a(addsf3x.o) (__fp_inf)
/usr/lib/gcc/avr/4.8.1/../../../avr/lib/avr5/libm.a(fp_nan.o)
                              /usr/lib/gcc/avr/4.8.1/../../../avr/lib/avr5/libm.a(addsf3x.o) (__fp_nan)
/usr/lib/gcc/avr/4.8.1/../../../avr/lib/avr5/libm.a(fp_pscA.o)
                              /usr/lib/gcc/avr/4.8.1/../../../avr/lib/avr5/libm.a(addsf3x.o) (__fp_pscA)
/usr/lib/gcc/avr/4.8.1/../../../avr/lib/avr5/libm.a(fp_pscB.o)
                              /usr/lib/gcc/avr/4.8.1/../../../avr/lib/avr5/libm.a(addsf3x.o) (__fp_pscB)
/usr/lib/gcc/avr/4.8.1/../../../avr/lib/avr5/libm.a(fp_round.o)
                              /usr/lib/gcc/avr/4.8.1/../../../avr/lib/avr5/libm.a(addsf3.o) (__fp_round)
/usr/lib/gcc/avr/4.8.1/../../../avr/lib/avr5/libm.a(fp_split3.o)
                              /usr/lib/gcc/avr/4.8.1/../../../avr/lib/avr5/libm.a(addsf3x.o) (__fp_split3)
/usr/lib/gcc/avr/4.8.1/../../../avr/lib/avr5/libm.a(fp_zero.o)
                              /usr/lib/gcc/avr/4.8.1/../../../avr/lib/avr5/libm.a(addsf3x.o) (__fp_zero)
/usr/lib/gcc/avr/4.8.1/../../../avr/lib/avr5/libm.a(mulsf3.o)
                              ./main.o (__mulsf3)
/usr/lib/gcc/avr/4.8.1/../../../avr/lib/avr5/libm.a(mulsf3x.o)
                              /usr/lib/gcc/avr/4.8.1/../../../avr/lib/avr5/libm.a(mulsf3.o) (__mulsf3x)

Allocating common symbols
Common symbol       size              file

g_timestamp         0x4               ./time.o

Memory Configuration

Name             Origin             Length             Attributes
text             0x0000000000000000 0x0000000000020000 xr
data             0x0000000000800060 0x000000000000ffa0 rw !x
eeprom           0x0000000000810000 0x0000000000010000 rw !x
fuse             0x0000000000820000 0x0000000000000400 rw !x
lock             0x0000000000830000 0x0000000000000400 rw !x
signature        0x0000000000840000 0x0000000000000400 rw !x
user_signatures  0x0000000000850000 0x0000000000000400 rw !x
*default*        0x0000000000000000 0xffffffffffffffff

Linker script and memory map

Address of section .data set to 0x800100
LOAD /usr/lib/gcc/avr/4.8.1/../../../avr/lib/avr5/crtm328p.o
LOAD ./adc.o
LOAD ./encoder.o
LOAD ./main.o
LOAD ./pwm.o
LOAD ./remote.o
LOAD ./system.o
LOAD ./time.o
LOAD ./uart.o
START GROUP
LOAD /usr/lib/gcc/avr/4.8.1/avr5/libgcc.a
LOAD /usr/lib/gcc/avr/4.8.1/../../../avr/lib/avr5/libm.a
LOAD /usr/lib/gcc/avr/4.8.1/../../../avr/lib/avr5/libc.a
END GROUP

.hash
 *(.hash)

.dynsym
 *(.dynsym)

.dynstr
 *(.dynstr)

.gnu.version
 *(.gnu.version)

.gnu.version_d
 *(.gnu.version_d)

.gnu.version_r
 *(.gnu.version_r)

.rel.init
 *(.rel.init)

.rela.init
 *(.rela.init)

.rel.text
 *(.rel.text)
 *(.rel.text.*)
 *(.rel.gnu.linkonce.t*)

.rela.text
 *(.rela.text)
 *(.rela.text.*)
 *(.rela.gnu.linkonce.t*)

.rel.fini
 *(.rel.fini)

.rela.fini
 *(.rela.fini)

.rel.rodata
 *(.rel.rodata)
 *(.rel.rodata.*)
 *(.rel.gnu.linkonce.r*)

.rela.rodata
 *(.rela.rodata)
 *(.rela.rodata.*)
 *(.rela.gnu.linkonce.r*)

.rel.data
 *(.rel.data)
 *(.rel.data.*)
 *(.rel.gnu.linkonce.d*)

.rela.data
 *(.rela.data)
 *(.rela.data.*)
 *(.rela.gnu.linkonce.d*)

.rel.ctors
 *(.rel.ctors)

.rela.ctors
 *(.rela.ctors)

.rel.dtors
 *(.rel.dtors)

.rela.dtors
 *(.rela.dtors)

.rel.got
 *(.rel.got)

.rela.got
 *(.rela.got)

.rel.bss
 *(.rel.bss)

.rela.bss
 *(.rela.bss)

.rel.plt
 *(.rel.plt)

.rela.plt
 *(.rela.plt)

.text           0x0000000000000000     0x14c4
 *(.vectors)
 .vectors       0x0000000000000000       0x68 /usr/lib/gcc/avr/4.8.1/../../../avr/lib/avr5/crtm328p.o
                0x0000000000000000                __vectors
 *(.vectors)
 *(.progmem.gcc*)
                0x0000000000000068                . = ALIGN (0x2)
                0x0000000000000068                __trampolines_start = .
 *(.trampolines)
 .trampolines   0x0000000000000068        0x0 linker stubs
 *(.trampolines*)
                0x0000000000000068                __trampolines_end = .
 *(.progmem*)
                0x0000000000000068                . = ALIGN (0x2)
 *(.jumptables)
 *(.jumptables*)
 *(.lowtext)
 *(.lowtext*)
                0x0000000000000068                __ctors_start = .
 *(.ctors)
                0x0000000000000068                __ctors_end = .
                0x0000000000000068                __dtors_start = .
 *(.dtors)
                0x0000000000000068                __dtors_end = .
 SORT(*)(.ctors)
 SORT(*)(.dtors)
 *(.init0)
 .init0         0x0000000000000068        0x0 /usr/lib/gcc/avr/4.8.1/../../../avr/lib/avr5/crtm328p.o
                0x0000000000000068                __init
 *(.init0)
 *(.init1)
 *(.init1)
 *(.init2)
 .init2         0x0000000000000068        0xc /usr/lib/gcc/avr/4.8.1/../../../avr/lib/avr5/crtm328p.o
 *(.init2)
 *(.init3)
 *(.init3)
 *(.init4)
 .init4         0x0000000000000074       0x16 /usr/lib/gcc/avr/4.8.1/avr5/libgcc.a(_copy_data.o)
                0x0000000000000074                __do_copy_data
 .init4         0x000000000000008a       0x10 /usr/lib/gcc/avr/4.8.1/avr5/libgcc.a(_clear_bss.o)
                0x000000000000008a                __do_clear_bss
 *(.init4)
 *(.init5)
 *(.init5)
 *(.init6)
 *(.init6)
 *(.init7)
 *(.init7)
 *(.init8)
 *(.init8)
 *(.init9)
 .init9         0x000000000000009a        0x8 /usr/lib/gcc/avr/4.8.1/../../../avr/lib/avr5/crtm328p.o
 *(.init9)
 *(.text)
 .text          0x00000000000000a2        0x4 /usr/lib/gcc/avr/4.8.1/../../../avr/lib/avr5/crtm328p.o
                0x00000000000000a2                __vector_22
                0x00000000000000a2                __vector_1
                0x00000000000000a2                __vector_24
                0x00000000000000a2                __vector_12
                0x00000000000000a2                __bad_interrupt
                0x00000000000000a2                __vector_6
                0x00000000000000a2                __vector_23
                0x00000000000000a2                __vector_25
                0x00000000000000a2                __vector_11
                0x00000000000000a2                __vector_13
                0x00000000000000a2                __vector_17
                0x00000000000000a2                __vector_19
                0x00000000000000a2                __vector_7
                0x00000000000000a2                __vector_4
                0x00000000000000a2                __vector_9
                0x00000000000000a2                __vector_2
                0x00000000000000a2                __vector_15
                0x00000000000000a2                __vector_8
                0x00000000000000a2                __vector_10
                0x00000000000000a2                __vector_16
                0x00000000000000a2                __vector_20
 .text          0x00000000000000a6        0x0 ./adc.o
 .text          0x00000000000000a6        0x0 ./encoder.o
 .text          0x00000000000000a6        0x0 ./main.o
 .text          0x00000000000000a6        0x0 ./pwm.o
 .text          0x00000000000000a6        0x0 ./remote.o
 .text          0x00000000000000a6        0x0 ./system.o
 .text          0x00000000000000a6        0x0 ./time.o
 .text          0x00000000000000a6        0x0 ./uart.o
 .text          0x00000000000000a6        0x0 /usr/lib/gcc/avr/4.8.1/avr5/libgcc.a(_divmodhi4.o)
 .text          0x00000000000000a6        0x0 /usr/lib/gcc/avr/4.8.1/avr5/libgcc.a(_exit.o)
 .text          0x00000000000000a6        0x0 /usr/lib/gcc/avr/4.8.1/avr5/libgcc.a(_copy_data.o)
 .text          0x00000000000000a6        0x0 /usr/lib/gcc/avr/4.8.1/avr5/libgcc.a(_clear_bss.o)
 .text          0x00000000000000a6        0x0 /usr/lib/gcc/avr/4.8.1/avr5/libgcc.a(_udivmodhi4.o)
 .text          0x00000000000000a6        0x0 /usr/lib/gcc/avr/4.8.1/../../../avr/lib/avr5/libm.a(addsf3.o)
 .text          0x00000000000000a6        0x0 /usr/lib/gcc/avr/4.8.1/../../../avr/lib/avr5/libm.a(addsf3x.o)
 .text          0x00000000000000a6        0x0 /usr/lib/gcc/avr/4.8.1/../../../avr/lib/avr5/libm.a(divsf3.o)
 .text          0x00000000000000a6        0x0 /usr/lib/gcc/avr/4.8.1/../../../avr/lib/avr5/libm.a(divsf3x.o)
 .text          0x00000000000000a6        0x0 /usr/lib/gcc/avr/4.8.1/../../../avr/lib/avr5/libm.a(fixunssfsi.o)
 .text          0x00000000000000a6        0x0 /usr/lib/gcc/avr/4.8.1/../../../avr/lib/avr5/libm.a(floatsisf.o)
 .text          0x00000000000000a6        0x0 /usr/lib/gcc/avr/4.8.1/../../../avr/lib/avr5/libm.a(fp_inf.o)
 .text          0x00000000000000a6        0x0 /usr/lib/gcc/avr/4.8.1/../../../avr/lib/avr5/libm.a(fp_nan.o)
 .text          0x00000000000000a6        0x0 /usr/lib/gcc/avr/4.8.1/../../../avr/lib/avr5/libm.a(fp_pscA.o)
 .text          0x00000000000000a6        0x0 /usr/lib/gcc/avr/4.8.1/../../../avr/lib/avr5/libm.a(fp_pscB.o)
 .text          0x00000000000000a6        0x0 /usr/lib/gcc/avr/4.8.1/../../../avr/lib/avr5/libm.a(fp_round.o)
 .text          0x00000000000000a6        0x0 /usr/lib/gcc/avr/4.8.1/../../../avr/lib/avr5/libm.a(fp_split3.o)
 .text          0x00000000000000a6        0x0 /usr/lib/gcc/avr/4.8.1/../../../avr/lib/avr5/libm.a(fp_zero.o)
 .text          0x00000000000000a6        0x0 /usr/lib/gcc/avr/4.8.1/../../../avr/lib/avr5/libm.a(mulsf3.o)
 .text          0x00000000000000a6        0x0 /usr/lib/gcc/avr/4.8.1/../../../avr/lib/avr5/libm.a(mulsf3x.o)
                0x00000000000000a6                . = ALIGN (0x2)
 *(.text.*)
 .text.__vector_21
                0x00000000000000a6       0xa8 ./adc.o
                0x00000000000000a6                __vector_21
 .text.adc_init
                0x000000000000014e       0x22 ./adc.o
                0x000000000000014e                adc_init
 .text.adc_get  0x0000000000000170       0x12 ./adc.o
                0x0000000000000170                adc_get
 .text.adc_last_capture
                0x0000000000000182        0x2 ./adc.o
                0x0000000000000182                adc_last_capture
 .text.adc_last_reset
                0x0000000000000184        0x2 ./adc.o
                0x0000000000000184                adc_last_reset
 .text.encoder_init
                0x0000000000000186       0x60 ./encoder.o
                0x0000000000000186                encoder_init
 .text.encoder_set_callback
                0x00000000000001e6       0x12 ./encoder.o
                0x00000000000001e6                encoder_set_callback
 .text.__vector_3
                0x00000000000001f8       0x14 ./encoder.o
                0x00000000000001f8                __vector_3
 .text.__vector_5
                0x000000000000020c      0x17e ./encoder.o
                0x000000000000020c                __vector_5
 .text.encoder_event_callback
                0x000000000000038a       0xa4 ./main.o
 .text.uart_received
                0x000000000000042e        0x4 ./main.o
                0x000000000000042e                uart_received
 .text.psu_get_channel_from_node_id
                0x0000000000000432       0x22 ./main.o
                0x0000000000000432                psu_get_channel_from_node_id
 .text.lib_sum  0x0000000000000454       0x2c ./main.o
                0x0000000000000454                lib_sum
 .text.lib_diff
                0x0000000000000480       0x1e ./main.o
                0x0000000000000480                lib_diff
 .text.lib_limit
                0x000000000000049e       0x2c ./main.o
                0x000000000000049e                lib_limit
 .text.lib_scale
                0x00000000000004ca       0xf6 ./main.o
                0x00000000000004ca                lib_scale
 .text.startup.main
                0x00000000000005c0      0x366 ./main.o
                0x00000000000005c0                main
 .text.pwm_init
                0x0000000000000926       0x6e ./pwm.o
                0x0000000000000926                pwm_init
 .text.pwm_set_duty
                0x0000000000000994       0x4a ./pwm.o
                0x0000000000000994                pwm_set_duty
 .text.pwm_get_resolution
                0x00000000000009de       0x1a ./pwm.o
                0x00000000000009de                pwm_get_resolution
 .text.remote_datagram_to_buffer
                0x00000000000009f8       0x3a ./remote.o
                0x00000000000009f8                remote_datagram_to_buffer
 .text.remote_buffer_alloc
                0x0000000000000a32       0x2c ./remote.o
                0x0000000000000a32                remote_buffer_alloc
 .text.remote_receive_buffer_alloc
                0x0000000000000a5e       0x2e ./remote.o
                0x0000000000000a5e                remote_receive_buffer_alloc
 .text.remote_send_buffer_alloc
                0x0000000000000a8c       0x2e ./remote.o
                0x0000000000000a8c                remote_send_buffer_alloc
 .text.remote_buffer_get_oldest
                0x0000000000000aba       0x62 ./remote.o
                0x0000000000000aba                remote_buffer_get_oldest
 .text.remote_receive_buffer_get_oldest
                0x0000000000000b1c        0xa ./remote.o
                0x0000000000000b1c                remote_receive_buffer_get_oldest
 .text.remote_send_buffer_get_oldest
                0x0000000000000b26        0xa ./remote.o
                0x0000000000000b26                remote_send_buffer_get_oldest
 .text.remote_receive_buffer_get
                0x0000000000000b30       0x6c ./remote.o
                0x0000000000000b30                remote_receive_buffer_get
 .text.remote_send_buffer_send
                0x0000000000000b9c       0x20 ./remote.o
                0x0000000000000b9c                remote_send_buffer_send
 .text.remote_calc_crc_buffer_and_compare
                0x0000000000000bbc       0x7c ./remote.o
                0x0000000000000bbc                remote_calc_crc_buffer_and_compare
 .text.remote_buffer_to_datagram
                0x0000000000000c38      0x252 ./remote.o
                0x0000000000000c38                remote_buffer_to_datagram
 .text.datagram_buffer_to_remote
                0x0000000000000e8a       0xbc ./remote.o
                0x0000000000000e8a                datagram_buffer_to_remote
 .text.__vector_default
                0x0000000000000f46       0x14 ./system.o
                0x0000000000000f46                __vector_default
 .text.system_fatal
                0x0000000000000f5a        0x6 ./system.o
                0x0000000000000f5a                system_fatal
 .text.system_reset
                0x0000000000000f60        0x6 ./system.o
                0x0000000000000f60                system_reset
 .text.system_init
                0x0000000000000f66        0x6 ./system.o
                0x0000000000000f66                system_init
 .text.timer_init
                0x0000000000000f6c       0x16 ./time.o
                0x0000000000000f6c                timer_init
 .text.__vector_14
                0x0000000000000f82       0x4c ./time.o
                0x0000000000000f82                __vector_14
 .text.uart_putchar
                0x0000000000000fce        0xe ./uart.o
                0x0000000000000fce                uart_putchar
 .text.uart_getchar
                0x0000000000000fdc        0xe ./uart.o
                0x0000000000000fdc                uart_getchar
 .text.uart_init
                0x0000000000000fea       0x34 ./uart.o
                0x0000000000000fea                uart_init
 .text.__vector_18
                0x000000000000101e       0x56 ./uart.o
                0x000000000000101e                __vector_18
 .text.uart_callback
                0x0000000000001074        0xa ./uart.o
                0x0000000000001074                uart_callback
 .text.uart_putstring
                0x000000000000107e       0x1e ./uart.o
                0x000000000000107e                uart_putstring
 .text.libgcc.mul
                0x000000000000109c        0x0 /usr/lib/gcc/avr/4.8.1/avr5/libgcc.a(_divmodhi4.o)
 .text.libgcc.div
                0x000000000000109c       0x28 /usr/lib/gcc/avr/4.8.1/avr5/libgcc.a(_divmodhi4.o)
                0x000000000000109c                __divmodhi4
                0x000000000000109c                _div
 .text.libgcc   0x00000000000010c4        0x0 /usr/lib/gcc/avr/4.8.1/avr5/libgcc.a(_divmodhi4.o)
 .text.libgcc.prologue
                0x00000000000010c4        0x0 /usr/lib/gcc/avr/4.8.1/avr5/libgcc.a(_divmodhi4.o)
 .text.libgcc.builtins
                0x00000000000010c4        0x0 /usr/lib/gcc/avr/4.8.1/avr5/libgcc.a(_divmodhi4.o)
 .text.libgcc.fmul
                0x00000000000010c4        0x0 /usr/lib/gcc/avr/4.8.1/avr5/libgcc.a(_divmodhi4.o)
 .text.libgcc.fixed
                0x00000000000010c4        0x0 /usr/lib/gcc/avr/4.8.1/avr5/libgcc.a(_divmodhi4.o)
 .text.libgcc.mul
                0x00000000000010c4        0x0 /usr/lib/gcc/avr/4.8.1/avr5/libgcc.a(_exit.o)
 .text.libgcc.div
                0x00000000000010c4        0x0 /usr/lib/gcc/avr/4.8.1/avr5/libgcc.a(_exit.o)
 .text.libgcc   0x00000000000010c4        0x0 /usr/lib/gcc/avr/4.8.1/avr5/libgcc.a(_exit.o)
 .text.libgcc.prologue
                0x00000000000010c4        0x0 /usr/lib/gcc/avr/4.8.1/avr5/libgcc.a(_exit.o)
 .text.libgcc.builtins
                0x00000000000010c4        0x0 /usr/lib/gcc/avr/4.8.1/avr5/libgcc.a(_exit.o)
 .text.libgcc.fmul
                0x00000000000010c4        0x0 /usr/lib/gcc/avr/4.8.1/avr5/libgcc.a(_exit.o)
 .text.libgcc.fixed
                0x00000000000010c4        0x0 /usr/lib/gcc/avr/4.8.1/avr5/libgcc.a(_exit.o)
 .text.libgcc.mul
                0x00000000000010c4        0x0 /usr/lib/gcc/avr/4.8.1/avr5/libgcc.a(_copy_data.o)
 .text.libgcc.div
                0x00000000000010c4        0x0 /usr/lib/gcc/avr/4.8.1/avr5/libgcc.a(_copy_data.o)
 .text.libgcc   0x00000000000010c4        0x0 /usr/lib/gcc/avr/4.8.1/avr5/libgcc.a(_copy_data.o)
 .text.libgcc.prologue
                0x00000000000010c4        0x0 /usr/lib/gcc/avr/4.8.1/avr5/libgcc.a(_copy_data.o)
 .text.libgcc.builtins
                0x00000000000010c4        0x0 /usr/lib/gcc/avr/4.8.1/avr5/libgcc.a(_copy_data.o)
 .text.libgcc.fmul
                0x00000000000010c4        0x0 /usr/lib/gcc/avr/4.8.1/avr5/libgcc.a(_copy_data.o)
 .text.libgcc.fixed
                0x00000000000010c4        0x0 /usr/lib/gcc/avr/4.8.1/avr5/libgcc.a(_copy_data.o)
 .text.libgcc.mul
                0x00000000000010c4        0x0 /usr/lib/gcc/avr/4.8.1/avr5/libgcc.a(_clear_bss.o)
 .text.libgcc.div
                0x00000000000010c4        0x0 /usr/lib/gcc/avr/4.8.1/avr5/libgcc.a(_clear_bss.o)
 .text.libgcc   0x00000000000010c4        0x0 /usr/lib/gcc/avr/4.8.1/avr5/libgcc.a(_clear_bss.o)
 .text.libgcc.prologue
                0x00000000000010c4        0x0 /usr/lib/gcc/avr/4.8.1/avr5/libgcc.a(_clear_bss.o)
 .text.libgcc.builtins
                0x00000000000010c4        0x0 /usr/lib/gcc/avr/4.8.1/avr5/libgcc.a(_clear_bss.o)
 .text.libgcc.fmul
                0x00000000000010c4        0x0 /usr/lib/gcc/avr/4.8.1/avr5/libgcc.a(_clear_bss.o)
 .text.libgcc.fixed
                0x00000000000010c4        0x0 /usr/lib/gcc/avr/4.8.1/avr5/libgcc.a(_clear_bss.o)
 .text.libgcc.mul
                0x00000000000010c4        0x0 /usr/lib/gcc/avr/4.8.1/avr5/libgcc.a(_udivmodhi4.o)
 .text.libgcc.div
                0x00000000000010c4       0x28 /usr/lib/gcc/avr/4.8.1/avr5/libgcc.a(_udivmodhi4.o)
                0x00000000000010c4                __udivmodhi4
 .text.libgcc   0x00000000000010ec        0x0 /usr/lib/gcc/avr/4.8.1/avr5/libgcc.a(_udivmodhi4.o)
 .text.libgcc.prologue
                0x00000000000010ec        0x0 /usr/lib/gcc/avr/4.8.1/avr5/libgcc.a(_udivmodhi4.o)
 .text.libgcc.builtins
                0x00000000000010ec        0x0 /usr/lib/gcc/avr/4.8.1/avr5/libgcc.a(_udivmodhi4.o)
 .text.libgcc.fmul
                0x00000000000010ec        0x0 /usr/lib/gcc/avr/4.8.1/avr5/libgcc.a(_udivmodhi4.o)
 .text.libgcc.fixed
                0x00000000000010ec        0x0 /usr/lib/gcc/avr/4.8.1/avr5/libgcc.a(_udivmodhi4.o)
 .text.avr-libc.fplib
                0x00000000000010ec        0xa /usr/lib/gcc/avr/4.8.1/../../../avr/lib/avr5/libm.a(addsf3.o)
                0x00000000000010ec                __subsf3
                0x00000000000010ee                __addsf3
 .text.avr-libc.fplib
                0x00000000000010f6       0xc0 /usr/lib/gcc/avr/4.8.1/../../../avr/lib/avr5/libm.a(addsf3x.o)
                0x0000000000001110                __addsf3x
 .text.avr-libc.fplib
                0x00000000000011b6        0x4 /usr/lib/gcc/avr/4.8.1/../../../avr/lib/avr5/libm.a(divsf3.o)
                0x00000000000011b6                __divsf3
 .text.avr-libc.fplib
                0x00000000000011ba       0xcc /usr/lib/gcc/avr/4.8.1/../../../avr/lib/avr5/libm.a(divsf3x.o)
                0x00000000000011d0                __divsf3x
                0x00000000000011d4                __divsf3_pse
 .text.avr-libc.fplib
                0x0000000000001286       0x58 /usr/lib/gcc/avr/4.8.1/../../../avr/lib/avr5/libm.a(fixunssfsi.o)
                0x0000000000001286                __fixunssfsi
 .text.avr-libc.fplib
                0x00000000000012de       0x7a /usr/lib/gcc/avr/4.8.1/../../../avr/lib/avr5/libm.a(floatsisf.o)
                0x00000000000012de                __floatunsisf
                0x00000000000012e2                __floatsisf
 .text.avr-libc.fplib
                0x0000000000001358        0xc /usr/lib/gcc/avr/4.8.1/../../../avr/lib/avr5/libm.a(fp_inf.o)
                0x0000000000001358                __fp_inf
 .text.avr-libc.fplib
                0x0000000000001364        0x6 /usr/lib/gcc/avr/4.8.1/../../../avr/lib/avr5/libm.a(fp_nan.o)
                0x0000000000001364                __fp_nan
 .text.avr-libc.fplib
                0x000000000000136a        0xe /usr/lib/gcc/avr/4.8.1/../../../avr/lib/avr5/libm.a(fp_pscA.o)
                0x000000000000136a                __fp_pscA
 .text.avr-libc.fplib
                0x0000000000001378        0xe /usr/lib/gcc/avr/4.8.1/../../../avr/lib/avr5/libm.a(fp_pscB.o)
                0x0000000000001378                __fp_pscB
 .text.avr-libc.fplib
                0x0000000000001386       0x22 /usr/lib/gcc/avr/4.8.1/../../../avr/lib/avr5/libm.a(fp_round.o)
                0x0000000000001386                __fp_round
 .text.avr-libc.fplib
                0x00000000000013a8       0x44 /usr/lib/gcc/avr/4.8.1/../../../avr/lib/avr5/libm.a(fp_split3.o)
                0x00000000000013a8                __fp_split3
                0x00000000000013b8                __fp_splitA
 .text.avr-libc.fplib
                0x00000000000013ec        0xe /usr/lib/gcc/avr/4.8.1/../../../avr/lib/avr5/libm.a(fp_zero.o)
                0x00000000000013ec                __fp_zero
                0x00000000000013ee                __fp_szero
 .text.avr-libc.fplib
                0x00000000000013fa        0x4 /usr/lib/gcc/avr/4.8.1/../../../avr/lib/avr5/libm.a(mulsf3.o)
                0x00000000000013fa                __mulsf3
 .text.avr-libc.fplib
                0x00000000000013fe       0xc2 /usr/lib/gcc/avr/4.8.1/../../../avr/lib/avr5/libm.a(mulsf3x.o)
                0x0000000000001412                __mulsf3x
                0x0000000000001416                __mulsf3_pse
                0x00000000000014c0                . = ALIGN (0x2)
 *(.fini9)
 .fini9         0x00000000000014c0        0x0 /usr/lib/gcc/avr/4.8.1/avr5/libgcc.a(_exit.o)
                0x00000000000014c0                exit
                0x00000000000014c0                _exit
 *(.fini9)
 *(.fini8)
 *(.fini8)
 *(.fini7)
 *(.fini7)
 *(.fini6)
 *(.fini6)
 *(.fini5)
 *(.fini5)
 *(.fini4)
 *(.fini4)
 *(.fini3)
 *(.fini3)
 *(.fini2)
 *(.fini2)
 *(.fini1)
 *(.fini1)
 *(.fini0)
 .fini0         0x00000000000014c0        0x4 /usr/lib/gcc/avr/4.8.1/avr5/libgcc.a(_exit.o)
 *(.fini0)
                0x00000000000014c4                _etext = .

.data           0x0000000000800100       0xca load address 0x00000000000014c4
                0x0000000000800100                PROVIDE (__data_start, .)
 *(.data)
 .data          0x0000000000800100        0x0 /usr/lib/gcc/avr/4.8.1/../../../avr/lib/avr5/crtm328p.o
 .data          0x0000000000800100        0x0 ./adc.o
 .data          0x0000000000800100        0x0 ./encoder.o
 .data          0x0000000000800100        0x0 ./main.o
 .data          0x0000000000800100        0x0 ./pwm.o
 .data          0x0000000000800100        0x0 ./remote.o
 .data          0x0000000000800100        0x0 ./system.o
 .data          0x0000000000800100        0x0 ./time.o
 .data          0x0000000000800100        0x0 ./uart.o
 .data          0x0000000000800100        0x0 /usr/lib/gcc/avr/4.8.1/avr5/libgcc.a(_divmodhi4.o)
 .data          0x0000000000800100        0x0 /usr/lib/gcc/avr/4.8.1/avr5/libgcc.a(_exit.o)
 .data          0x0000000000800100        0x0 /usr/lib/gcc/avr/4.8.1/avr5/libgcc.a(_copy_data.o)
 .data          0x0000000000800100        0x0 /usr/lib/gcc/avr/4.8.1/avr5/libgcc.a(_clear_bss.o)
 .data          0x0000000000800100        0x0 /usr/lib/gcc/avr/4.8.1/avr5/libgcc.a(_udivmodhi4.o)
 .data          0x0000000000800100        0x0 /usr/lib/gcc/avr/4.8.1/../../../avr/lib/avr5/libm.a(addsf3.o)
 .data          0x0000000000800100        0x0 /usr/lib/gcc/avr/4.8.1/../../../avr/lib/avr5/libm.a(addsf3x.o)
 .data          0x0000000000800100        0x0 /usr/lib/gcc/avr/4.8.1/../../../avr/lib/avr5/libm.a(divsf3.o)
 .data          0x0000000000800100        0x0 /usr/lib/gcc/avr/4.8.1/../../../avr/lib/avr5/libm.a(divsf3x.o)
 .data          0x0000000000800100        0x0 /usr/lib/gcc/avr/4.8.1/../../../avr/lib/avr5/libm.a(fixunssfsi.o)
 .data          0x0000000000800100        0x0 /usr/lib/gcc/avr/4.8.1/../../../avr/lib/avr5/libm.a(floatsisf.o)
 .data          0x0000000000800100        0x0 /usr/lib/gcc/avr/4.8.1/../../../avr/lib/avr5/libm.a(fp_inf.o)
 .data          0x0000000000800100        0x0 /usr/lib/gcc/avr/4.8.1/../../../avr/lib/avr5/libm.a(fp_nan.o)
 .data          0x0000000000800100        0x0 /usr/lib/gcc/avr/4.8.1/../../../avr/lib/avr5/libm.a(fp_pscA.o)
 .data          0x0000000000800100        0x0 /usr/lib/gcc/avr/4.8.1/../../../avr/lib/avr5/libm.a(fp_pscB.o)
 .data          0x0000000000800100        0x0 /usr/lib/gcc/avr/4.8.1/../../../avr/lib/avr5/libm.a(fp_round.o)
 .data          0x0000000000800100        0x0 /usr/lib/gcc/avr/4.8.1/../../../avr/lib/avr5/libm.a(fp_split3.o)
 .data          0x0000000000800100        0x0 /usr/lib/gcc/avr/4.8.1/../../../avr/lib/avr5/libm.a(fp_zero.o)
 .data          0x0000000000800100        0x0 /usr/lib/gcc/avr/4.8.1/../../../avr/lib/avr5/libm.a(mulsf3.o)
 .data          0x0000000000800100        0x0 /usr/lib/gcc/avr/4.8.1/../../../avr/lib/avr5/libm.a(mulsf3x.o)
 *(.data*)
 .data.uart_input
                0x0000000000800100        0xe ./uart.o
                0x0000000000800100                uart_input
 .data.uart_output
                0x000000000080010e        0xe ./uart.o
                0x000000000080010e                uart_output
 *(.rodata)
 *(.rodata*)
 .rodata.enc_lookup
                0x000000000080011c       0x10 ./encoder.o
 .rodata.str1.1
                0x000000000080012c       0x13 ./main.o
                                         0x16 (size before relaxing)
 .rodata.smoothing_result
                0x000000000080013f       0x40 ./main.o
 .rodata.smoothing_deltat
                0x000000000080017f       0x40 ./main.o
 .rodata.str1.1
                0x00000000008001bf        0xa ./system.o
 *(.gnu.linkonce.d*)
                0x00000000008001ca                . = ALIGN (0x2)
 *fill*         0x00000000008001c9        0x1 
                0x00000000008001ca                _edata = .
                0x00000000008001ca                PROVIDE (__data_end, .)

.bss            0x00000000008001ca      0x210
                0x00000000008001ca                PROVIDE (__bss_start, .)
 *(.bss)
 .bss           0x00000000008001ca        0x0 /usr/lib/gcc/avr/4.8.1/../../../avr/lib/avr5/crtm328p.o
 .bss           0x00000000008001ca        0x0 ./adc.o
 .bss           0x00000000008001ca        0x0 ./encoder.o
 .bss           0x00000000008001ca        0x0 ./main.o
 .bss           0x00000000008001ca        0x0 ./pwm.o
 .bss           0x00000000008001ca        0x0 ./remote.o
 .bss           0x00000000008001ca        0x0 ./system.o
 .bss           0x00000000008001ca        0x0 ./time.o
 .bss           0x00000000008001ca        0x0 ./uart.o
 .bss           0x00000000008001ca        0x0 /usr/lib/gcc/avr/4.8.1/avr5/libgcc.a(_divmodhi4.o)
 .bss           0x00000000008001ca        0x0 /usr/lib/gcc/avr/4.8.1/avr5/libgcc.a(_exit.o)
 .bss           0x00000000008001ca        0x0 /usr/lib/gcc/avr/4.8.1/avr5/libgcc.a(_copy_data.o)
 .bss           0x00000000008001ca        0x0 /usr/lib/gcc/avr/4.8.1/avr5/libgcc.a(_clear_bss.o)
 .bss           0x00000000008001ca        0x0 /usr/lib/gcc/avr/4.8.1/avr5/libgcc.a(_udivmodhi4.o)
 .bss           0x00000000008001ca        0x0 /usr/lib/gcc/avr/4.8.1/../../../avr/lib/avr5/libm.a(addsf3.o)
 .bss           0x00000000008001ca        0x0 /usr/lib/gcc/avr/4.8.1/../../../avr/lib/avr5/libm.a(addsf3x.o)
 .bss           0x00000000008001ca        0x0 /usr/lib/gcc/avr/4.8.1/../../../avr/lib/avr5/libm.a(divsf3.o)
 .bss           0x00000000008001ca        0x0 /usr/lib/gcc/avr/4.8.1/../../../avr/lib/avr5/libm.a(divsf3x.o)
 .bss           0x00000000008001ca        0x0 /usr/lib/gcc/avr/4.8.1/../../../avr/lib/avr5/libm.a(fixunssfsi.o)
 .bss           0x00000000008001ca        0x0 /usr/lib/gcc/avr/4.8.1/../../../avr/lib/avr5/libm.a(floatsisf.o)
 .bss           0x00000000008001ca        0x0 /usr/lib/gcc/avr/4.8.1/../../../avr/lib/avr5/libm.a(fp_inf.o)
 .bss           0x00000000008001ca        0x0 /usr/lib/gcc/avr/4.8.1/../../../avr/lib/avr5/libm.a(fp_nan.o)
 .bss           0x00000000008001ca        0x0 /usr/lib/gcc/avr/4.8.1/../../../avr/lib/avr5/libm.a(fp_pscA.o)
 .bss           0x00000000008001ca        0x0 /usr/lib/gcc/avr/4.8.1/../../../avr/lib/avr5/libm.a(fp_pscB.o)
 .bss           0x00000000008001ca        0x0 /usr/lib/gcc/avr/4.8.1/../../../avr/lib/avr5/libm.a(fp_round.o)
 .bss           0x00000000008001ca        0x0 /usr/lib/gcc/avr/4.8.1/../../../avr/lib/avr5/libm.a(fp_split3.o)
 .bss           0x00000000008001ca        0x0 /usr/lib/gcc/avr/4.8.1/../../../avr/lib/avr5/libm.a(fp_zero.o)
 .bss           0x00000000008001ca        0x0 /usr/lib/gcc/avr/4.8.1/../../../avr/lib/avr5/libm.a(mulsf3.o)
 .bss           0x00000000008001ca        0x0 /usr/lib/gcc/avr/4.8.1/../../../avr/lib/avr5/libm.a(mulsf3x.o)
 *(.bss*)
 .bss.adc_samples
                0x00000000008001ca        0xc ./adc.o
 .bss.adc_mux_switch
                0x00000000008001d6        0x1 ./adc.o
 .bss.adc_mux_index
                0x00000000008001d7        0x1 ./adc.o
 .bss.g_encoder
                0x00000000008001d8        0xf ./encoder.o
 .bss.remote_dgram_rcv_copy
                0x00000000008001e7       0x20 ./main.o
 .bss.psu_channels
                0x0000000000800207       0x6c ./main.o
 .bss.pwm_channels
                0x0000000000800273       0x14 ./pwm.o
 .bss.remote_snd_buf
                0x0000000000800287       0xa0 ./remote.o
 .bss.remote_rcv_buf
                0x0000000000800327       0xa0 ./remote.o
 .bss.remote_rcv_sm
                0x00000000008003c7        0xd ./remote.o
 .bss.uart_cb   0x00000000008003d4        0x2 ./uart.o
 *(COMMON)
 COMMON         0x00000000008003d6        0x4 ./time.o
                0x00000000008003d6                g_timestamp
                0x00000000008003da                PROVIDE (__bss_end, .)
                0x00000000000014c4                __data_load_start = LOADADDR (.data)
                0x000000000000158e                __data_load_end = (__data_load_start + SIZEOF (.data))

.noinit         0x00000000008003da        0x0
                0x00000000008003da                PROVIDE (__noinit_start, .)
 *(.noinit*)
                0x00000000008003da                PROVIDE (__noinit_end, .)
                0x00000000008003da                _end = .
                0x00000000008003da                PROVIDE (__heap_start, .)

.eeprom         0x0000000000810000        0x0
 *(.eeprom*)
                0x0000000000810000                __eeprom_end = .

.fuse
 *(.fuse)
 *(.lfuse)
 *(.hfuse)
 *(.efuse)

.lock
 *(.lock*)

.signature
 *(.signature*)

.user_signatures
 *(.user_signatures*)

.stab           0x0000000000000000     0x3684
 *(.stab)
 .stab          0x0000000000000000      0x618 ./adc.o
 .stab          0x0000000000000618      0x558 ./encoder.o
                                        0x720 (size before relaxing)
 .stab          0x0000000000000b70      0xed0 ./main.o
                                       0x1134 (size before relaxing)
 .stab          0x0000000000001a40      0x4a4 ./pwm.o
                                        0x69c (size before relaxing)
 .stab          0x0000000000001ee4      0xbd0 ./remote.o
                                        0xe34 (size before relaxing)
 .stab          0x0000000000002ab4      0x3cc ./system.o
                                        0x624 (size before relaxing)
 .stab          0x0000000000002e80      0x324 ./time.o
                                        0x4ec (size before relaxing)
 .stab          0x00000000000031a4      0x4e0 ./uart.o
                                        0x714 (size before relaxing)

.stabstr        0x0000000000000000     0x22cc
 *(.stabstr)
 .stabstr       0x0000000000000000     0x22cc ./adc.o

.stab.excl
 *(.stab.excl)

.stab.exclstr
 *(.stab.exclstr)

.stab.index
 *(.stab.index)

.stab.indexstr
 *(.stab.indexstr)

.comment        0x0000000000000000       0x11
 *(.comment)
 .comment       0x0000000000000000       0x11 ./adc.o
                                         0x12 (size before relaxing)
 .comment       0x0000000000000000       0x12 ./encoder.o
 .comment       0x0000000000000000       0x12 ./main.o
 .comment       0x0000000000000000       0x12 ./pwm.o
 .comment       0x0000000000000000       0x12 ./remote.o
 .comment       0x0000000000000000       0x12 ./system.o
 .comment       0x0000000000000000       0x12 ./time.o
 .comment       0x0000000000000000       0x12 ./uart.o

.note.gnu.build-id
 *(.note.gnu.build-id)

.debug
 *(.debug)

.line
 *(.line)

.debug_srcinfo
 *(.debug_srcinfo)

.debug_sfnames
 *(.debug_sfnames)

.debug_aranges
 *(.debug_aranges)

.debug_pubnames
 *(.debug_pubnames)

.debug_info
 *(.debug_info .gnu.linkonce.wi.*)

.debug_abbrev
 *(.debug_abbrev)

.debug_line
 *(.debug_line .debug_line.* .debug_line_end)

.debug_frame
 *(.debug_frame)

.debug_str
 *(.debug_str)

.debug_loc
 *(.debug_loc)

.debug_macinfo
 *(.debug_macinfo)

.debug_weaknames
 *(.debug_weaknames)

.debug_funcnames
 *(.debug_funcnames)

.debug_typenames
 *(.debug_typenames)

.debug_varnames
 *(.debug_varnames)

.debug_pubtypes
 *(.debug_pubtypes)

.debug_ranges
 *(.debug_ranges)

.debug_macro
 *(.debug_macro)
OUTPUT(psu_2ch.elf elf32-avr)
LOAD linker stubs
