Archive member included because of file (symbol)

/usr/lib/gcc/avr/4.8.1/avr5/libgcc.a(_divmodhi4.o)
                              ./adc.o (__divmodhi4)
/usr/lib/gcc/avr/4.8.1/avr5/libgcc.a(_exit.o)
                              /usr/lib/gcc/avr/4.8.1/../../../avr/lib/avr5/crtm328p.o (exit)
/usr/lib/gcc/avr/4.8.1/avr5/libgcc.a(_copy_data.o)
                              ./display_hal_uart.o (__do_copy_data)
/usr/lib/gcc/avr/4.8.1/avr5/libgcc.a(_clear_bss.o)
                              ./adc.o (__do_clear_bss)
/usr/lib/gcc/avr/4.8.1/avr5/libgcc.a(_udivmodhi4.o)
                              /usr/lib/gcc/avr/4.8.1/avr5/libgcc.a(_divmodhi4.o) (__udivmodhi4)
/usr/lib/gcc/avr/4.8.1/../../../avr/lib/avr5/libm.a(addsf3.o)
                              ./main.o (__subsf3)
/usr/lib/gcc/avr/4.8.1/../../../avr/lib/avr5/libm.a(addsf3x.o)
                              /usr/lib/gcc/avr/4.8.1/../../../avr/lib/avr5/libm.a(addsf3.o) (__addsf3x)
/usr/lib/gcc/avr/4.8.1/../../../avr/lib/avr5/libm.a(divsf3.o)
                              ./main.o (__divsf3)
/usr/lib/gcc/avr/4.8.1/../../../avr/lib/avr5/libm.a(divsf3x.o)
                              /usr/lib/gcc/avr/4.8.1/../../../avr/lib/avr5/libm.a(divsf3.o) (__divsf3x)
/usr/lib/gcc/avr/4.8.1/../../../avr/lib/avr5/libm.a(fixunssfsi.o)
                              ./main.o (__fixunssfsi)
/usr/lib/gcc/avr/4.8.1/../../../avr/lib/avr5/libm.a(floatsisf.o)
                              ./main.o (__floatunsisf)
/usr/lib/gcc/avr/4.8.1/../../../avr/lib/avr5/libm.a(fp_inf.o)
                              /usr/lib/gcc/avr/4.8.1/../../../avr/lib/avr5/libm.a(addsf3x.o) (__fp_inf)
/usr/lib/gcc/avr/4.8.1/../../../avr/lib/avr5/libm.a(fp_nan.o)
                              /usr/lib/gcc/avr/4.8.1/../../../avr/lib/avr5/libm.a(addsf3x.o) (__fp_nan)
/usr/lib/gcc/avr/4.8.1/../../../avr/lib/avr5/libm.a(fp_pscA.o)
                              /usr/lib/gcc/avr/4.8.1/../../../avr/lib/avr5/libm.a(addsf3x.o) (__fp_pscA)
/usr/lib/gcc/avr/4.8.1/../../../avr/lib/avr5/libm.a(fp_pscB.o)
                              /usr/lib/gcc/avr/4.8.1/../../../avr/lib/avr5/libm.a(addsf3x.o) (__fp_pscB)
/usr/lib/gcc/avr/4.8.1/../../../avr/lib/avr5/libm.a(fp_round.o)
                              /usr/lib/gcc/avr/4.8.1/../../../avr/lib/avr5/libm.a(addsf3.o) (__fp_round)
/usr/lib/gcc/avr/4.8.1/../../../avr/lib/avr5/libm.a(fp_split3.o)
                              /usr/lib/gcc/avr/4.8.1/../../../avr/lib/avr5/libm.a(addsf3x.o) (__fp_split3)
/usr/lib/gcc/avr/4.8.1/../../../avr/lib/avr5/libm.a(fp_zero.o)
                              /usr/lib/gcc/avr/4.8.1/../../../avr/lib/avr5/libm.a(addsf3x.o) (__fp_zero)
/usr/lib/gcc/avr/4.8.1/../../../avr/lib/avr5/libm.a(mulsf3.o)
                              ./main.o (__mulsf3)
/usr/lib/gcc/avr/4.8.1/../../../avr/lib/avr5/libm.a(mulsf3x.o)
                              /usr/lib/gcc/avr/4.8.1/../../../avr/lib/avr5/libm.a(mulsf3.o) (__mulsf3x)
/usr/lib/gcc/avr/4.8.1/../../../avr/lib/avr5/libc.a(memset.o)
                              ./display.o (memset)
/usr/lib/gcc/avr/4.8.1/../../../avr/lib/avr5/libc.a(iob.o)
                              ./main.o (__iob)
/usr/lib/gcc/avr/4.8.1/../../../avr/lib/avr5/libc.a(printf.o)
                              ./display_hal_uart.o (printf)
/usr/lib/gcc/avr/4.8.1/../../../avr/lib/avr5/libc.a(vsnprintf.o)
                              ./display.o (vsnprintf)
/usr/lib/gcc/avr/4.8.1/../../../avr/lib/avr5/libc.a(vfprintf_std.o)
                              /usr/lib/gcc/avr/4.8.1/../../../avr/lib/avr5/libc.a(printf.o) (vfprintf)
/usr/lib/gcc/avr/4.8.1/../../../avr/lib/avr5/libc.a(strnlen_P.o)
                              /usr/lib/gcc/avr/4.8.1/../../../avr/lib/avr5/libc.a(vfprintf_std.o) (strnlen_P)
/usr/lib/gcc/avr/4.8.1/../../../avr/lib/avr5/libc.a(strnlen.o)
                              /usr/lib/gcc/avr/4.8.1/../../../avr/lib/avr5/libc.a(vfprintf_std.o) (strnlen)
/usr/lib/gcc/avr/4.8.1/../../../avr/lib/avr5/libc.a(fputc.o)
                              /usr/lib/gcc/avr/4.8.1/../../../avr/lib/avr5/libc.a(vfprintf_std.o) (fputc)
/usr/lib/gcc/avr/4.8.1/../../../avr/lib/avr5/libc.a(ultoa_invert.o)
                              /usr/lib/gcc/avr/4.8.1/../../../avr/lib/avr5/libc.a(vfprintf_std.o) (__ultoa_invert)
/usr/lib/gcc/avr/4.8.1/avr5/libgcc.a(_prologue.o)
                              /usr/lib/gcc/avr/4.8.1/../../../avr/lib/avr5/libc.a(printf.o) (__prologue_saves__)
/usr/lib/gcc/avr/4.8.1/avr5/libgcc.a(_epilogue.o)
                              /usr/lib/gcc/avr/4.8.1/../../../avr/lib/avr5/libc.a(printf.o) (__epilogue_restores__)

Allocating common symbols
Common symbol       size              file

g_timestamp         0x4               ./time.o
__iob               0x6               /usr/lib/gcc/avr/4.8.1/../../../avr/lib/avr5/libc.a(iob.o)

Memory Configuration

Name             Origin             Length             Attributes
text             0x0000000000000000 0x0000000000020000 xr
data             0x0000000000800060 0x000000000000ffa0 rw !x
eeprom           0x0000000000810000 0x0000000000010000 rw !x
fuse             0x0000000000820000 0x0000000000000400 rw !x
lock             0x0000000000830000 0x0000000000000400 rw !x
signature        0x0000000000840000 0x0000000000000400 rw !x
user_signatures  0x0000000000850000 0x0000000000000400 rw !x
*default*        0x0000000000000000 0xffffffffffffffff

Linker script and memory map

Address of section .data set to 0x800100
LOAD /usr/lib/gcc/avr/4.8.1/../../../avr/lib/avr5/crtm328p.o
LOAD ./adc.o
LOAD ./display.o
LOAD ./display_hal_uart.o
LOAD ./encoder.o
LOAD ./main.o
LOAD ./pwm.o
LOAD ./remote.o
LOAD ./system.o
LOAD ./time.o
LOAD ./uart.o
START GROUP
LOAD /usr/lib/gcc/avr/4.8.1/avr5/libgcc.a
LOAD /usr/lib/gcc/avr/4.8.1/../../../avr/lib/avr5/libm.a
LOAD /usr/lib/gcc/avr/4.8.1/../../../avr/lib/avr5/libc.a
END GROUP

.hash
 *(.hash)

.dynsym
 *(.dynsym)

.dynstr
 *(.dynstr)

.gnu.version
 *(.gnu.version)

.gnu.version_d
 *(.gnu.version_d)

.gnu.version_r
 *(.gnu.version_r)

.rel.init
 *(.rel.init)

.rela.init
 *(.rela.init)

.rel.text
 *(.rel.text)
 *(.rel.text.*)
 *(.rel.gnu.linkonce.t*)

.rela.text
 *(.rela.text)
 *(.rela.text.*)
 *(.rela.gnu.linkonce.t*)

.rel.fini
 *(.rel.fini)

.rela.fini
 *(.rela.fini)

.rel.rodata
 *(.rel.rodata)
 *(.rel.rodata.*)
 *(.rel.gnu.linkonce.r*)

.rela.rodata
 *(.rela.rodata)
 *(.rela.rodata.*)
 *(.rela.gnu.linkonce.r*)

.rel.data
 *(.rel.data)
 *(.rel.data.*)
 *(.rel.gnu.linkonce.d*)

.rela.data
 *(.rela.data)
 *(.rela.data.*)
 *(.rela.gnu.linkonce.d*)

.rel.ctors
 *(.rel.ctors)

.rela.ctors
 *(.rela.ctors)

.rel.dtors
 *(.rel.dtors)

.rela.dtors
 *(.rela.dtors)

.rel.got
 *(.rel.got)

.rela.got
 *(.rela.got)

.rel.bss
 *(.rel.bss)

.rela.bss
 *(.rela.bss)

.rel.plt
 *(.rel.plt)

.rela.plt
 *(.rela.plt)

.text           0x0000000000000000     0x1b1a
 *(.vectors)
 .vectors       0x0000000000000000       0x68 /usr/lib/gcc/avr/4.8.1/../../../avr/lib/avr5/crtm328p.o
                0x0000000000000000                __vectors
 *(.vectors)
 *(.progmem.gcc*)
                0x0000000000000068                . = ALIGN (0x2)
                0x0000000000000068                __trampolines_start = .
 *(.trampolines)
 .trampolines   0x0000000000000068        0x0 linker stubs
 *(.trampolines*)
                0x0000000000000068                __trampolines_end = .
 *(.progmem*)
                0x0000000000000068                . = ALIGN (0x2)
 *(.jumptables)
 *(.jumptables*)
 *(.lowtext)
 *(.lowtext*)
                0x0000000000000068                __ctors_start = .
 *(.ctors)
                0x0000000000000068                __ctors_end = .
                0x0000000000000068                __dtors_start = .
 *(.dtors)
                0x0000000000000068                __dtors_end = .
 SORT(*)(.ctors)
 SORT(*)(.dtors)
 *(.init0)
 .init0         0x0000000000000068        0x0 /usr/lib/gcc/avr/4.8.1/../../../avr/lib/avr5/crtm328p.o
                0x0000000000000068                __init
 *(.init0)
 *(.init1)
 *(.init1)
 *(.init2)
 .init2         0x0000000000000068        0xc /usr/lib/gcc/avr/4.8.1/../../../avr/lib/avr5/crtm328p.o
 *(.init2)
 *(.init3)
 *(.init3)
 *(.init4)
 .init4         0x0000000000000074       0x16 /usr/lib/gcc/avr/4.8.1/avr5/libgcc.a(_copy_data.o)
                0x0000000000000074                __do_copy_data
 .init4         0x000000000000008a       0x10 /usr/lib/gcc/avr/4.8.1/avr5/libgcc.a(_clear_bss.o)
                0x000000000000008a                __do_clear_bss
 *(.init4)
 *(.init5)
 *(.init5)
 *(.init6)
 *(.init6)
 *(.init7)
 *(.init7)
 *(.init8)
 *(.init8)
 *(.init9)
 .init9         0x000000000000009a        0x8 /usr/lib/gcc/avr/4.8.1/../../../avr/lib/avr5/crtm328p.o
 *(.init9)
 *(.text)
 .text          0x00000000000000a2        0x4 /usr/lib/gcc/avr/4.8.1/../../../avr/lib/avr5/crtm328p.o
                0x00000000000000a2                __vector_22
                0x00000000000000a2                __vector_1
                0x00000000000000a2                __vector_24
                0x00000000000000a2                __vector_12
                0x00000000000000a2                __bad_interrupt
                0x00000000000000a2                __vector_6
                0x00000000000000a2                __vector_23
                0x00000000000000a2                __vector_25
                0x00000000000000a2                __vector_11
                0x00000000000000a2                __vector_13
                0x00000000000000a2                __vector_17
                0x00000000000000a2                __vector_19
                0x00000000000000a2                __vector_7
                0x00000000000000a2                __vector_4
                0x00000000000000a2                __vector_9
                0x00000000000000a2                __vector_2
                0x00000000000000a2                __vector_15
                0x00000000000000a2                __vector_8
                0x00000000000000a2                __vector_10
                0x00000000000000a2                __vector_16
                0x00000000000000a2                __vector_20
 .text          0x00000000000000a6        0x0 ./adc.o
 .text          0x00000000000000a6        0x0 ./display.o
 .text          0x00000000000000a6        0x0 ./display_hal_uart.o
 .text          0x00000000000000a6        0x0 ./encoder.o
 .text          0x00000000000000a6        0x0 ./main.o
 .text          0x00000000000000a6        0x0 ./pwm.o
 .text          0x00000000000000a6        0x0 ./remote.o
 .text          0x00000000000000a6        0x0 ./system.o
 .text          0x00000000000000a6        0x0 ./time.o
 .text          0x00000000000000a6        0x0 ./uart.o
 .text          0x00000000000000a6        0x0 /usr/lib/gcc/avr/4.8.1/avr5/libgcc.a(_divmodhi4.o)
 .text          0x00000000000000a6        0x0 /usr/lib/gcc/avr/4.8.1/avr5/libgcc.a(_exit.o)
 .text          0x00000000000000a6        0x0 /usr/lib/gcc/avr/4.8.1/avr5/libgcc.a(_copy_data.o)
 .text          0x00000000000000a6        0x0 /usr/lib/gcc/avr/4.8.1/avr5/libgcc.a(_clear_bss.o)
 .text          0x00000000000000a6        0x0 /usr/lib/gcc/avr/4.8.1/avr5/libgcc.a(_udivmodhi4.o)
 .text          0x00000000000000a6        0x0 /usr/lib/gcc/avr/4.8.1/../../../avr/lib/avr5/libm.a(addsf3.o)
 .text          0x00000000000000a6        0x0 /usr/lib/gcc/avr/4.8.1/../../../avr/lib/avr5/libm.a(addsf3x.o)
 .text          0x00000000000000a6        0x0 /usr/lib/gcc/avr/4.8.1/../../../avr/lib/avr5/libm.a(divsf3.o)
 .text          0x00000000000000a6        0x0 /usr/lib/gcc/avr/4.8.1/../../../avr/lib/avr5/libm.a(divsf3x.o)
 .text          0x00000000000000a6        0x0 /usr/lib/gcc/avr/4.8.1/../../../avr/lib/avr5/libm.a(fixunssfsi.o)
 .text          0x00000000000000a6        0x0 /usr/lib/gcc/avr/4.8.1/../../../avr/lib/avr5/libm.a(floatsisf.o)
 .text          0x00000000000000a6        0x0 /usr/lib/gcc/avr/4.8.1/../../../avr/lib/avr5/libm.a(fp_inf.o)
 .text          0x00000000000000a6        0x0 /usr/lib/gcc/avr/4.8.1/../../../avr/lib/avr5/libm.a(fp_nan.o)
 .text          0x00000000000000a6        0x0 /usr/lib/gcc/avr/4.8.1/../../../avr/lib/avr5/libm.a(fp_pscA.o)
 .text          0x00000000000000a6        0x0 /usr/lib/gcc/avr/4.8.1/../../../avr/lib/avr5/libm.a(fp_pscB.o)
 .text          0x00000000000000a6        0x0 /usr/lib/gcc/avr/4.8.1/../../../avr/lib/avr5/libm.a(fp_round.o)
 .text          0x00000000000000a6        0x0 /usr/lib/gcc/avr/4.8.1/../../../avr/lib/avr5/libm.a(fp_split3.o)
 .text          0x00000000000000a6        0x0 /usr/lib/gcc/avr/4.8.1/../../../avr/lib/avr5/libm.a(fp_zero.o)
 .text          0x00000000000000a6        0x0 /usr/lib/gcc/avr/4.8.1/../../../avr/lib/avr5/libm.a(mulsf3.o)
 .text          0x00000000000000a6        0x0 /usr/lib/gcc/avr/4.8.1/../../../avr/lib/avr5/libm.a(mulsf3x.o)
 .text          0x00000000000000a6        0x0 /usr/lib/gcc/avr/4.8.1/../../../avr/lib/avr5/libc.a(memset.o)
 .text          0x00000000000000a6        0x0 /usr/lib/gcc/avr/4.8.1/../../../avr/lib/avr5/libc.a(iob.o)
 .text          0x00000000000000a6        0x0 /usr/lib/gcc/avr/4.8.1/../../../avr/lib/avr5/libc.a(printf.o)
 .text          0x00000000000000a6        0x0 /usr/lib/gcc/avr/4.8.1/../../../avr/lib/avr5/libc.a(vsnprintf.o)
 .text          0x00000000000000a6        0x0 /usr/lib/gcc/avr/4.8.1/../../../avr/lib/avr5/libc.a(vfprintf_std.o)
 .text          0x00000000000000a6        0x0 /usr/lib/gcc/avr/4.8.1/../../../avr/lib/avr5/libc.a(strnlen_P.o)
 .text          0x00000000000000a6        0x0 /usr/lib/gcc/avr/4.8.1/../../../avr/lib/avr5/libc.a(strnlen.o)
 .text          0x00000000000000a6        0x0 /usr/lib/gcc/avr/4.8.1/../../../avr/lib/avr5/libc.a(fputc.o)
 .text          0x00000000000000a6        0x0 /usr/lib/gcc/avr/4.8.1/../../../avr/lib/avr5/libc.a(ultoa_invert.o)
 .text          0x00000000000000a6        0x0 /usr/lib/gcc/avr/4.8.1/avr5/libgcc.a(_prologue.o)
 .text          0x00000000000000a6        0x0 /usr/lib/gcc/avr/4.8.1/avr5/libgcc.a(_epilogue.o)
                0x00000000000000a6                . = ALIGN (0x2)
 *(.text.*)
 .text.__vector_21
                0x00000000000000a6       0xa8 ./adc.o
                0x00000000000000a6                __vector_21
 .text.adc_init
                0x000000000000014e       0x22 ./adc.o
                0x000000000000014e                adc_init
 .text.adc_get  0x0000000000000170       0x12 ./adc.o
                0x0000000000000170                adc_get
 .text.adc_last_capture
                0x0000000000000182        0x2 ./adc.o
                0x0000000000000182                adc_last_capture
 .text.adc_last_reset
                0x0000000000000184        0x2 ./adc.o
                0x0000000000000184                adc_last_reset
 .text.display_init
                0x0000000000000186        0xe ./display.o
                0x0000000000000186                display_init
 .text.display_clear
                0x0000000000000194       0x38 ./display.o
                0x0000000000000194                display_clear
 .text.display_clear_all
                0x00000000000001cc        0x6 ./display.o
                0x00000000000001cc                display_clear_all
 .text.display_periodic
                0x00000000000001d2       0x6a ./display.o
                0x00000000000001d2                display_periodic
 .text.display_set_cursor
                0x000000000000023c       0x14 ./display.o
                0x000000000000023c                display_set_cursor
 .text.display_advance_cursor
                0x0000000000000250       0x2a ./display.o
                0x0000000000000250                display_advance_cursor
 .text.display_hide_cursor
                0x000000000000027a        0x6 ./display.o
                0x000000000000027a                display_hide_cursor
 .text.display_write_char
                0x0000000000000280       0x24 ./display.o
                0x0000000000000280                display_write_char
 .text.display_write_string
                0x00000000000002a4       0x18 ./display.o
                0x00000000000002a4                display_write_string
 .text.display_write_stringf
                0x00000000000002bc       0x2c ./display.o
                0x00000000000002bc                display_write_stringf
 .text.display_hal_init
                0x00000000000002e8        0x8 ./display_hal_uart.o
                0x00000000000002e8                display_hal_init
 .text.display_hal_set_cursor
                0x00000000000002f0       0x2c ./display_hal_uart.o
                0x00000000000002f0                display_hal_set_cursor
 .text.display_hal_write_char
                0x000000000000031c        0x8 ./display_hal_uart.o
                0x000000000000031c                display_hal_write_char
 .text.display_hal_cursor_visibility
                0x0000000000000324       0x12 ./display_hal_uart.o
                0x0000000000000324                display_hal_cursor_visibility
 .text.encoder_init
                0x0000000000000336       0x60 ./encoder.o
                0x0000000000000336                encoder_init
 .text.encoder_set_callback
                0x0000000000000396       0x12 ./encoder.o
                0x0000000000000396                encoder_set_callback
 .text.__vector_3
                0x00000000000003a8       0x14 ./encoder.o
                0x00000000000003a8                __vector_3
 .text.__vector_5
                0x00000000000003bc      0x17a ./encoder.o
                0x00000000000003bc                __vector_5
 .text.uart_received
                0x0000000000000536        0xe ./main.o
                0x0000000000000536                uart_received
 .text.psu_get_channel_from_node_id
                0x0000000000000544       0x22 ./main.o
                0x0000000000000544                psu_get_channel_from_node_id
 .text.lib_sum  0x0000000000000566       0x28 ./main.o
                0x0000000000000566                lib_sum
 .text.lib_diff
                0x000000000000058e       0x1c ./main.o
                0x000000000000058e                lib_diff
 .text.encoder_event_callback
                0x00000000000005aa       0x62 ./main.o
 .text.lib_limit
                0x000000000000060c       0x2c ./main.o
                0x000000000000060c                lib_limit
 .text.lib_scale
                0x0000000000000638       0xf6 ./main.o
                0x0000000000000638                lib_scale
 .text.startup.main
                0x000000000000072e      0x37c ./main.o
                0x000000000000072e                main
 .text.pwm_init
                0x0000000000000aaa       0x6e ./pwm.o
                0x0000000000000aaa                pwm_init
 .text.pwm_set_duty
                0x0000000000000b18       0x40 ./pwm.o
                0x0000000000000b18                pwm_set_duty
 .text.pwm_get_resolution
                0x0000000000000b58       0x12 ./pwm.o
                0x0000000000000b58                pwm_get_resolution
 .text.remote_datagram_to_buffer
                0x0000000000000b6a       0x32 ./remote.o
                0x0000000000000b6a                remote_datagram_to_buffer
 .text.remote_buffer_alloc
                0x0000000000000b9c       0x2c ./remote.o
                0x0000000000000b9c                remote_buffer_alloc
 .text.remote_receive_buffer_alloc
                0x0000000000000bc8        0xa ./remote.o
                0x0000000000000bc8                remote_receive_buffer_alloc
 .text.remote_send_buffer_alloc
                0x0000000000000bd2        0xa ./remote.o
                0x0000000000000bd2                remote_send_buffer_alloc
 .text.remote_buffer_get_oldest
                0x0000000000000bdc       0x62 ./remote.o
                0x0000000000000bdc                remote_buffer_get_oldest
 .text.remote_receive_buffer_get_oldest
                0x0000000000000c3e        0xa ./remote.o
                0x0000000000000c3e                remote_receive_buffer_get_oldest
 .text.remote_send_buffer_get_oldest
                0x0000000000000c48        0xa ./remote.o
                0x0000000000000c48                remote_send_buffer_get_oldest
 .text.remote_receive_buffer_get
                0x0000000000000c52       0x5a ./remote.o
                0x0000000000000c52                remote_receive_buffer_get
 .text.remote_send_buffer_send
                0x0000000000000cac       0x20 ./remote.o
                0x0000000000000cac                remote_send_buffer_send
 .text.remote_calc_crc_buffer_and_compare
                0x0000000000000ccc       0x74 ./remote.o
                0x0000000000000ccc                remote_calc_crc_buffer_and_compare
 .text.remote_buffer_to_datagram
                0x0000000000000d40      0x1c4 ./remote.o
                0x0000000000000d40                remote_buffer_to_datagram
 .text.datagram_buffer_to_remote
                0x0000000000000f04       0xae ./remote.o
                0x0000000000000f04                datagram_buffer_to_remote
 .text.__vector_default
                0x0000000000000fb2       0x14 ./system.o
                0x0000000000000fb2                __vector_default
 .text.system_fatal
                0x0000000000000fc6        0x6 ./system.o
                0x0000000000000fc6                system_fatal
 .text.system_reset
                0x0000000000000fcc        0x6 ./system.o
                0x0000000000000fcc                system_reset
 .text.system_init
                0x0000000000000fd2        0x6 ./system.o
                0x0000000000000fd2                system_init
 .text.timer_init
                0x0000000000000fd8       0x16 ./time.o
                0x0000000000000fd8                timer_init
 .text.__vector_14
                0x0000000000000fee       0x4c ./time.o
                0x0000000000000fee                __vector_14
 .text.uart_putchar
                0x000000000000103a        0xe ./uart.o
                0x000000000000103a                uart_putchar
 .text.uart_getchar
                0x0000000000001048        0xe ./uart.o
                0x0000000000001048                uart_getchar
 .text.uart_init
                0x0000000000001056       0x34 ./uart.o
                0x0000000000001056                uart_init
 .text.__vector_18
                0x000000000000108a       0x56 ./uart.o
                0x000000000000108a                __vector_18
 .text.uart_callback
                0x00000000000010e0        0xa ./uart.o
                0x00000000000010e0                uart_callback
 .text.uart_putstring
                0x00000000000010ea       0x1c ./uart.o
                0x00000000000010ea                uart_putstring
 .text.libgcc.mul
                0x0000000000001106        0x0 /usr/lib/gcc/avr/4.8.1/avr5/libgcc.a(_divmodhi4.o)
 .text.libgcc.div
                0x0000000000001106       0x28 /usr/lib/gcc/avr/4.8.1/avr5/libgcc.a(_divmodhi4.o)
                0x0000000000001106                __divmodhi4
                0x0000000000001106                _div
 .text.libgcc   0x000000000000112e        0x0 /usr/lib/gcc/avr/4.8.1/avr5/libgcc.a(_divmodhi4.o)
 .text.libgcc.prologue
                0x000000000000112e        0x0 /usr/lib/gcc/avr/4.8.1/avr5/libgcc.a(_divmodhi4.o)
 .text.libgcc.builtins
                0x000000000000112e        0x0 /usr/lib/gcc/avr/4.8.1/avr5/libgcc.a(_divmodhi4.o)
 .text.libgcc.fmul
                0x000000000000112e        0x0 /usr/lib/gcc/avr/4.8.1/avr5/libgcc.a(_divmodhi4.o)
 .text.libgcc.fixed
                0x000000000000112e        0x0 /usr/lib/gcc/avr/4.8.1/avr5/libgcc.a(_divmodhi4.o)
 .text.libgcc.mul
                0x000000000000112e        0x0 /usr/lib/gcc/avr/4.8.1/avr5/libgcc.a(_exit.o)
 .text.libgcc.div
                0x000000000000112e        0x0 /usr/lib/gcc/avr/4.8.1/avr5/libgcc.a(_exit.o)
 .text.libgcc   0x000000000000112e        0x0 /usr/lib/gcc/avr/4.8.1/avr5/libgcc.a(_exit.o)
 .text.libgcc.prologue
                0x000000000000112e        0x0 /usr/lib/gcc/avr/4.8.1/avr5/libgcc.a(_exit.o)
 .text.libgcc.builtins
                0x000000000000112e        0x0 /usr/lib/gcc/avr/4.8.1/avr5/libgcc.a(_exit.o)
 .text.libgcc.fmul
                0x000000000000112e        0x0 /usr/lib/gcc/avr/4.8.1/avr5/libgcc.a(_exit.o)
 .text.libgcc.fixed
                0x000000000000112e        0x0 /usr/lib/gcc/avr/4.8.1/avr5/libgcc.a(_exit.o)
 .text.libgcc.mul
                0x000000000000112e        0x0 /usr/lib/gcc/avr/4.8.1/avr5/libgcc.a(_copy_data.o)
 .text.libgcc.div
                0x000000000000112e        0x0 /usr/lib/gcc/avr/4.8.1/avr5/libgcc.a(_copy_data.o)
 .text.libgcc   0x000000000000112e        0x0 /usr/lib/gcc/avr/4.8.1/avr5/libgcc.a(_copy_data.o)
 .text.libgcc.prologue
                0x000000000000112e        0x0 /usr/lib/gcc/avr/4.8.1/avr5/libgcc.a(_copy_data.o)
 .text.libgcc.builtins
                0x000000000000112e        0x0 /usr/lib/gcc/avr/4.8.1/avr5/libgcc.a(_copy_data.o)
 .text.libgcc.fmul
                0x000000000000112e        0x0 /usr/lib/gcc/avr/4.8.1/avr5/libgcc.a(_copy_data.o)
 .text.libgcc.fixed
                0x000000000000112e        0x0 /usr/lib/gcc/avr/4.8.1/avr5/libgcc.a(_copy_data.o)
 .text.libgcc.mul
                0x000000000000112e        0x0 /usr/lib/gcc/avr/4.8.1/avr5/libgcc.a(_clear_bss.o)
 .text.libgcc.div
                0x000000000000112e        0x0 /usr/lib/gcc/avr/4.8.1/avr5/libgcc.a(_clear_bss.o)
 .text.libgcc   0x000000000000112e        0x0 /usr/lib/gcc/avr/4.8.1/avr5/libgcc.a(_clear_bss.o)
 .text.libgcc.prologue
                0x000000000000112e        0x0 /usr/lib/gcc/avr/4.8.1/avr5/libgcc.a(_clear_bss.o)
 .text.libgcc.builtins
                0x000000000000112e        0x0 /usr/lib/gcc/avr/4.8.1/avr5/libgcc.a(_clear_bss.o)
 .text.libgcc.fmul
                0x000000000000112e        0x0 /usr/lib/gcc/avr/4.8.1/avr5/libgcc.a(_clear_bss.o)
 .text.libgcc.fixed
                0x000000000000112e        0x0 /usr/lib/gcc/avr/4.8.1/avr5/libgcc.a(_clear_bss.o)
 .text.libgcc.mul
                0x000000000000112e        0x0 /usr/lib/gcc/avr/4.8.1/avr5/libgcc.a(_udivmodhi4.o)
 .text.libgcc.div
                0x000000000000112e       0x28 /usr/lib/gcc/avr/4.8.1/avr5/libgcc.a(_udivmodhi4.o)
                0x000000000000112e                __udivmodhi4
 .text.libgcc   0x0000000000001156        0x0 /usr/lib/gcc/avr/4.8.1/avr5/libgcc.a(_udivmodhi4.o)
 .text.libgcc.prologue
                0x0000000000001156        0x0 /usr/lib/gcc/avr/4.8.1/avr5/libgcc.a(_udivmodhi4.o)
 .text.libgcc.builtins
                0x0000000000001156        0x0 /usr/lib/gcc/avr/4.8.1/avr5/libgcc.a(_udivmodhi4.o)
 .text.libgcc.fmul
                0x0000000000001156        0x0 /usr/lib/gcc/avr/4.8.1/avr5/libgcc.a(_udivmodhi4.o)
 .text.libgcc.fixed
                0x0000000000001156        0x0 /usr/lib/gcc/avr/4.8.1/avr5/libgcc.a(_udivmodhi4.o)
 .text.avr-libc.fplib
                0x0000000000001156        0xa /usr/lib/gcc/avr/4.8.1/../../../avr/lib/avr5/libm.a(addsf3.o)
                0x0000000000001156                __subsf3
                0x0000000000001158                __addsf3
 .text.avr-libc.fplib
                0x0000000000001160       0xc0 /usr/lib/gcc/avr/4.8.1/../../../avr/lib/avr5/libm.a(addsf3x.o)
                0x000000000000117a                __addsf3x
 .text.avr-libc.fplib
                0x0000000000001220        0x4 /usr/lib/gcc/avr/4.8.1/../../../avr/lib/avr5/libm.a(divsf3.o)
                0x0000000000001220                __divsf3
 .text.avr-libc.fplib
                0x0000000000001224       0xcc /usr/lib/gcc/avr/4.8.1/../../../avr/lib/avr5/libm.a(divsf3x.o)
                0x000000000000123a                __divsf3x
                0x000000000000123e                __divsf3_pse
 .text.avr-libc.fplib
                0x00000000000012f0       0x58 /usr/lib/gcc/avr/4.8.1/../../../avr/lib/avr5/libm.a(fixunssfsi.o)
                0x00000000000012f0                __fixunssfsi
 .text.avr-libc.fplib
                0x0000000000001348       0x7a /usr/lib/gcc/avr/4.8.1/../../../avr/lib/avr5/libm.a(floatsisf.o)
                0x0000000000001348                __floatunsisf
                0x000000000000134c                __floatsisf
 .text.avr-libc.fplib
                0x00000000000013c2        0xc /usr/lib/gcc/avr/4.8.1/../../../avr/lib/avr5/libm.a(fp_inf.o)
                0x00000000000013c2                __fp_inf
 .text.avr-libc.fplib
                0x00000000000013ce        0x6 /usr/lib/gcc/avr/4.8.1/../../../avr/lib/avr5/libm.a(fp_nan.o)
                0x00000000000013ce                __fp_nan
 .text.avr-libc.fplib
                0x00000000000013d4        0xe /usr/lib/gcc/avr/4.8.1/../../../avr/lib/avr5/libm.a(fp_pscA.o)
                0x00000000000013d4                __fp_pscA
 .text.avr-libc.fplib
                0x00000000000013e2        0xe /usr/lib/gcc/avr/4.8.1/../../../avr/lib/avr5/libm.a(fp_pscB.o)
                0x00000000000013e2                __fp_pscB
 .text.avr-libc.fplib
                0x00000000000013f0       0x22 /usr/lib/gcc/avr/4.8.1/../../../avr/lib/avr5/libm.a(fp_round.o)
                0x00000000000013f0                __fp_round
 .text.avr-libc.fplib
                0x0000000000001412       0x44 /usr/lib/gcc/avr/4.8.1/../../../avr/lib/avr5/libm.a(fp_split3.o)
                0x0000000000001412                __fp_split3
                0x0000000000001422                __fp_splitA
 .text.avr-libc.fplib
                0x0000000000001456        0xe /usr/lib/gcc/avr/4.8.1/../../../avr/lib/avr5/libm.a(fp_zero.o)
                0x0000000000001456                __fp_zero
                0x0000000000001458                __fp_szero
 .text.avr-libc.fplib
                0x0000000000001464        0x4 /usr/lib/gcc/avr/4.8.1/../../../avr/lib/avr5/libm.a(mulsf3.o)
                0x0000000000001464                __mulsf3
 .text.avr-libc.fplib
                0x0000000000001468       0xc2 /usr/lib/gcc/avr/4.8.1/../../../avr/lib/avr5/libm.a(mulsf3x.o)
                0x000000000000147c                __mulsf3x
                0x0000000000001480                __mulsf3_pse
 .text.avr-libc
                0x000000000000152a        0xe /usr/lib/gcc/avr/4.8.1/../../../avr/lib/avr5/libc.a(memset.o)
                0x000000000000152a                memset
 .text.avr-libc
                0x0000000000001538       0x28 /usr/lib/gcc/avr/4.8.1/../../../avr/lib/avr5/libc.a(printf.o)
                0x0000000000001538                printf
 .text.avr-libc
                0x0000000000001560       0x58 /usr/lib/gcc/avr/4.8.1/../../../avr/lib/avr5/libc.a(vsnprintf.o)
                0x0000000000001560                vsnprintf
 .text.avr-libc
                0x00000000000015b8      0x3a4 /usr/lib/gcc/avr/4.8.1/../../../avr/lib/avr5/libc.a(vfprintf_std.o)
                0x00000000000015b8                vfprintf
 .text.avr-libc
                0x000000000000195c       0x16 /usr/lib/gcc/avr/4.8.1/../../../avr/lib/avr5/libc.a(strnlen_P.o)
                0x000000000000195c                strnlen_P
 .text.avr-libc
                0x0000000000001972       0x16 /usr/lib/gcc/avr/4.8.1/../../../avr/lib/avr5/libc.a(strnlen.o)
                0x0000000000001972                strnlen
 .text.avr-libc
                0x0000000000001988       0x64 /usr/lib/gcc/avr/4.8.1/../../../avr/lib/avr5/libc.a(fputc.o)
                0x0000000000001988                fputc
 .text.avr-libc
                0x00000000000019ec       0xbc /usr/lib/gcc/avr/4.8.1/../../../avr/lib/avr5/libc.a(ultoa_invert.o)
                0x00000000000019ec                __ultoa_invert
 .text.libgcc.mul
                0x0000000000001aa8        0x0 /usr/lib/gcc/avr/4.8.1/avr5/libgcc.a(_prologue.o)
 .text.libgcc.div
                0x0000000000001aa8        0x0 /usr/lib/gcc/avr/4.8.1/avr5/libgcc.a(_prologue.o)
 .text.libgcc   0x0000000000001aa8        0x0 /usr/lib/gcc/avr/4.8.1/avr5/libgcc.a(_prologue.o)
 .text.libgcc.prologue
                0x0000000000001aa8       0x38 /usr/lib/gcc/avr/4.8.1/avr5/libgcc.a(_prologue.o)
                0x0000000000001aa8                __prologue_saves__
 .text.libgcc.builtins
                0x0000000000001ae0        0x0 /usr/lib/gcc/avr/4.8.1/avr5/libgcc.a(_prologue.o)
 .text.libgcc.fmul
                0x0000000000001ae0        0x0 /usr/lib/gcc/avr/4.8.1/avr5/libgcc.a(_prologue.o)
 .text.libgcc.fixed
                0x0000000000001ae0        0x0 /usr/lib/gcc/avr/4.8.1/avr5/libgcc.a(_prologue.o)
 .text.libgcc.mul
                0x0000000000001ae0        0x0 /usr/lib/gcc/avr/4.8.1/avr5/libgcc.a(_epilogue.o)
 .text.libgcc.div
                0x0000000000001ae0        0x0 /usr/lib/gcc/avr/4.8.1/avr5/libgcc.a(_epilogue.o)
 .text.libgcc   0x0000000000001ae0        0x0 /usr/lib/gcc/avr/4.8.1/avr5/libgcc.a(_epilogue.o)
 .text.libgcc.prologue
                0x0000000000001ae0       0x36 /usr/lib/gcc/avr/4.8.1/avr5/libgcc.a(_epilogue.o)
                0x0000000000001ae0                __epilogue_restores__
 .text.libgcc.builtins
                0x0000000000001b16        0x0 /usr/lib/gcc/avr/4.8.1/avr5/libgcc.a(_epilogue.o)
 .text.libgcc.fmul
                0x0000000000001b16        0x0 /usr/lib/gcc/avr/4.8.1/avr5/libgcc.a(_epilogue.o)
 .text.libgcc.fixed
                0x0000000000001b16        0x0 /usr/lib/gcc/avr/4.8.1/avr5/libgcc.a(_epilogue.o)
                0x0000000000001b16                . = ALIGN (0x2)
 *(.fini9)
 .fini9         0x0000000000001b16        0x0 /usr/lib/gcc/avr/4.8.1/avr5/libgcc.a(_exit.o)
                0x0000000000001b16                exit
                0x0000000000001b16                _exit
 *(.fini9)
 *(.fini8)
 *(.fini8)
 *(.fini7)
 *(.fini7)
 *(.fini6)
 *(.fini6)
 *(.fini5)
 *(.fini5)
 *(.fini4)
 *(.fini4)
 *(.fini3)
 *(.fini3)
 *(.fini2)
 *(.fini2)
 *(.fini1)
 *(.fini1)
 *(.fini0)
 .fini0         0x0000000000001b16        0x4 /usr/lib/gcc/avr/4.8.1/avr5/libgcc.a(_exit.o)
 *(.fini0)
                0x0000000000001b1a                _etext = .

.data           0x0000000000800100       0xd8 load address 0x0000000000001b1a
                0x0000000000800100                PROVIDE (__data_start, .)
 *(.data)
 .data          0x0000000000800100        0x0 /usr/lib/gcc/avr/4.8.1/../../../avr/lib/avr5/crtm328p.o
 .data          0x0000000000800100        0x0 ./adc.o
 .data          0x0000000000800100        0x0 ./display.o
 .data          0x0000000000800100        0x0 ./display_hal_uart.o
 .data          0x0000000000800100        0x0 ./encoder.o
 .data          0x0000000000800100        0x0 ./main.o
 .data          0x0000000000800100        0x0 ./pwm.o
 .data          0x0000000000800100        0x0 ./remote.o
 .data          0x0000000000800100        0x0 ./system.o
 .data          0x0000000000800100        0x0 ./time.o
 .data          0x0000000000800100        0x0 ./uart.o
 .data          0x0000000000800100        0x0 /usr/lib/gcc/avr/4.8.1/avr5/libgcc.a(_divmodhi4.o)
 .data          0x0000000000800100        0x0 /usr/lib/gcc/avr/4.8.1/avr5/libgcc.a(_exit.o)
 .data          0x0000000000800100        0x0 /usr/lib/gcc/avr/4.8.1/avr5/libgcc.a(_copy_data.o)
 .data          0x0000000000800100        0x0 /usr/lib/gcc/avr/4.8.1/avr5/libgcc.a(_clear_bss.o)
 .data          0x0000000000800100        0x0 /usr/lib/gcc/avr/4.8.1/avr5/libgcc.a(_udivmodhi4.o)
 .data          0x0000000000800100        0x0 /usr/lib/gcc/avr/4.8.1/../../../avr/lib/avr5/libm.a(addsf3.o)
 .data          0x0000000000800100        0x0 /usr/lib/gcc/avr/4.8.1/../../../avr/lib/avr5/libm.a(addsf3x.o)
 .data          0x0000000000800100        0x0 /usr/lib/gcc/avr/4.8.1/../../../avr/lib/avr5/libm.a(divsf3.o)
 .data          0x0000000000800100        0x0 /usr/lib/gcc/avr/4.8.1/../../../avr/lib/avr5/libm.a(divsf3x.o)
 .data          0x0000000000800100        0x0 /usr/lib/gcc/avr/4.8.1/../../../avr/lib/avr5/libm.a(fixunssfsi.o)
 .data          0x0000000000800100        0x0 /usr/lib/gcc/avr/4.8.1/../../../avr/lib/avr5/libm.a(floatsisf.o)
 .data          0x0000000000800100        0x0 /usr/lib/gcc/avr/4.8.1/../../../avr/lib/avr5/libm.a(fp_inf.o)
 .data          0x0000000000800100        0x0 /usr/lib/gcc/avr/4.8.1/../../../avr/lib/avr5/libm.a(fp_nan.o)
 .data          0x0000000000800100        0x0 /usr/lib/gcc/avr/4.8.1/../../../avr/lib/avr5/libm.a(fp_pscA.o)
 .data          0x0000000000800100        0x0 /usr/lib/gcc/avr/4.8.1/../../../avr/lib/avr5/libm.a(fp_pscB.o)
 .data          0x0000000000800100        0x0 /usr/lib/gcc/avr/4.8.1/../../../avr/lib/avr5/libm.a(fp_round.o)
 .data          0x0000000000800100        0x0 /usr/lib/gcc/avr/4.8.1/../../../avr/lib/avr5/libm.a(fp_split3.o)
 .data          0x0000000000800100        0x0 /usr/lib/gcc/avr/4.8.1/../../../avr/lib/avr5/libm.a(fp_zero.o)
 .data          0x0000000000800100        0x0 /usr/lib/gcc/avr/4.8.1/../../../avr/lib/avr5/libm.a(mulsf3.o)
 .data          0x0000000000800100        0x0 /usr/lib/gcc/avr/4.8.1/../../../avr/lib/avr5/libm.a(mulsf3x.o)
 .data          0x0000000000800100        0x0 /usr/lib/gcc/avr/4.8.1/../../../avr/lib/avr5/libc.a(memset.o)
 .data          0x0000000000800100        0x0 /usr/lib/gcc/avr/4.8.1/../../../avr/lib/avr5/libc.a(iob.o)
 .data          0x0000000000800100        0x0 /usr/lib/gcc/avr/4.8.1/../../../avr/lib/avr5/libc.a(printf.o)
 .data          0x0000000000800100        0x0 /usr/lib/gcc/avr/4.8.1/../../../avr/lib/avr5/libc.a(vsnprintf.o)
 .data          0x0000000000800100        0x0 /usr/lib/gcc/avr/4.8.1/../../../avr/lib/avr5/libc.a(vfprintf_std.o)
 .data          0x0000000000800100        0x0 /usr/lib/gcc/avr/4.8.1/../../../avr/lib/avr5/libc.a(strnlen_P.o)
 .data          0x0000000000800100        0x0 /usr/lib/gcc/avr/4.8.1/../../../avr/lib/avr5/libc.a(strnlen.o)
 .data          0x0000000000800100        0x0 /usr/lib/gcc/avr/4.8.1/../../../avr/lib/avr5/libc.a(fputc.o)
 .data          0x0000000000800100        0x0 /usr/lib/gcc/avr/4.8.1/../../../avr/lib/avr5/libc.a(ultoa_invert.o)
 .data          0x0000000000800100        0x0 /usr/lib/gcc/avr/4.8.1/avr5/libgcc.a(_prologue.o)
 .data          0x0000000000800100        0x0 /usr/lib/gcc/avr/4.8.1/avr5/libgcc.a(_epilogue.o)
 *(.data*)
 .data.uart_input
                0x0000000000800100        0xe ./uart.o
                0x0000000000800100                uart_input
 .data.uart_output
                0x000000000080010e        0xe ./uart.o
                0x000000000080010e                uart_output
 *(.rodata)
 *(.rodata*)
 .rodata.str1.1
                0x000000000080011c       0x1f ./display_hal_uart.o
 .rodata.enc_lookup
                0x000000000080013b       0x10 ./encoder.o
 .rodata.str1.1
                0x000000000080014b        0x3 ./main.o
                                          0x6 (size before relaxing)
 .rodata.smoothing_result
                0x000000000080014e       0x40 ./main.o
 .rodata.smoothing_deltat
                0x000000000080018e       0x40 ./main.o
 .rodata.str1.1
                0x00000000008001ce        0xa ./system.o
 *(.gnu.linkonce.d*)
                0x00000000008001d8                . = ALIGN (0x2)
                0x00000000008001d8                _edata = .
                0x00000000008001d8                PROVIDE (__data_end, .)

.bss            0x00000000008001d8      0x278
                0x00000000008001d8                PROVIDE (__bss_start, .)
 *(.bss)
 .bss           0x00000000008001d8        0x0 /usr/lib/gcc/avr/4.8.1/../../../avr/lib/avr5/crtm328p.o
 .bss           0x00000000008001d8        0x0 ./adc.o
 .bss           0x00000000008001d8        0x0 ./display.o
 .bss           0x00000000008001d8        0x0 ./display_hal_uart.o
 .bss           0x00000000008001d8        0x0 ./encoder.o
 .bss           0x00000000008001d8        0x0 ./main.o
 .bss           0x00000000008001d8        0x0 ./pwm.o
 .bss           0x00000000008001d8        0x0 ./remote.o
 .bss           0x00000000008001d8        0x0 ./system.o
 .bss           0x00000000008001d8        0x0 ./time.o
 .bss           0x00000000008001d8        0x0 ./uart.o
 .bss           0x00000000008001d8        0x0 /usr/lib/gcc/avr/4.8.1/avr5/libgcc.a(_divmodhi4.o)
 .bss           0x00000000008001d8        0x0 /usr/lib/gcc/avr/4.8.1/avr5/libgcc.a(_exit.o)
 .bss           0x00000000008001d8        0x0 /usr/lib/gcc/avr/4.8.1/avr5/libgcc.a(_copy_data.o)
 .bss           0x00000000008001d8        0x0 /usr/lib/gcc/avr/4.8.1/avr5/libgcc.a(_clear_bss.o)
 .bss           0x00000000008001d8        0x0 /usr/lib/gcc/avr/4.8.1/avr5/libgcc.a(_udivmodhi4.o)
 .bss           0x00000000008001d8        0x0 /usr/lib/gcc/avr/4.8.1/../../../avr/lib/avr5/libm.a(addsf3.o)
 .bss           0x00000000008001d8        0x0 /usr/lib/gcc/avr/4.8.1/../../../avr/lib/avr5/libm.a(addsf3x.o)
 .bss           0x00000000008001d8        0x0 /usr/lib/gcc/avr/4.8.1/../../../avr/lib/avr5/libm.a(divsf3.o)
 .bss           0x00000000008001d8        0x0 /usr/lib/gcc/avr/4.8.1/../../../avr/lib/avr5/libm.a(divsf3x.o)
 .bss           0x00000000008001d8        0x0 /usr/lib/gcc/avr/4.8.1/../../../avr/lib/avr5/libm.a(fixunssfsi.o)
 .bss           0x00000000008001d8        0x0 /usr/lib/gcc/avr/4.8.1/../../../avr/lib/avr5/libm.a(floatsisf.o)
 .bss           0x00000000008001d8        0x0 /usr/lib/gcc/avr/4.8.1/../../../avr/lib/avr5/libm.a(fp_inf.o)
 .bss           0x00000000008001d8        0x0 /usr/lib/gcc/avr/4.8.1/../../../avr/lib/avr5/libm.a(fp_nan.o)
 .bss           0x00000000008001d8        0x0 /usr/lib/gcc/avr/4.8.1/../../../avr/lib/avr5/libm.a(fp_pscA.o)
 .bss           0x00000000008001d8        0x0 /usr/lib/gcc/avr/4.8.1/../../../avr/lib/avr5/libm.a(fp_pscB.o)
 .bss           0x00000000008001d8        0x0 /usr/lib/gcc/avr/4.8.1/../../../avr/lib/avr5/libm.a(fp_round.o)
 .bss           0x00000000008001d8        0x0 /usr/lib/gcc/avr/4.8.1/../../../avr/lib/avr5/libm.a(fp_split3.o)
 .bss           0x00000000008001d8        0x0 /usr/lib/gcc/avr/4.8.1/../../../avr/lib/avr5/libm.a(fp_zero.o)
 .bss           0x00000000008001d8        0x0 /usr/lib/gcc/avr/4.8.1/../../../avr/lib/avr5/libm.a(mulsf3.o)
 .bss           0x00000000008001d8        0x0 /usr/lib/gcc/avr/4.8.1/../../../avr/lib/avr5/libm.a(mulsf3x.o)
 .bss           0x00000000008001d8        0x0 /usr/lib/gcc/avr/4.8.1/../../../avr/lib/avr5/libc.a(memset.o)
 .bss           0x00000000008001d8        0x0 /usr/lib/gcc/avr/4.8.1/../../../avr/lib/avr5/libc.a(iob.o)
 .bss           0x00000000008001d8        0x0 /usr/lib/gcc/avr/4.8.1/../../../avr/lib/avr5/libc.a(printf.o)
 .bss           0x00000000008001d8        0x0 /usr/lib/gcc/avr/4.8.1/../../../avr/lib/avr5/libc.a(vsnprintf.o)
 .bss           0x00000000008001d8        0x0 /usr/lib/gcc/avr/4.8.1/../../../avr/lib/avr5/libc.a(vfprintf_std.o)
 .bss           0x00000000008001d8        0x0 /usr/lib/gcc/avr/4.8.1/../../../avr/lib/avr5/libc.a(strnlen_P.o)
 .bss           0x00000000008001d8        0x0 /usr/lib/gcc/avr/4.8.1/../../../avr/lib/avr5/libc.a(strnlen.o)
 .bss           0x00000000008001d8        0x0 /usr/lib/gcc/avr/4.8.1/../../../avr/lib/avr5/libc.a(fputc.o)
 .bss           0x00000000008001d8        0x0 /usr/lib/gcc/avr/4.8.1/../../../avr/lib/avr5/libc.a(ultoa_invert.o)
 .bss           0x00000000008001d8        0x0 /usr/lib/gcc/avr/4.8.1/avr5/libgcc.a(_prologue.o)
 .bss           0x00000000008001d8        0x0 /usr/lib/gcc/avr/4.8.1/avr5/libgcc.a(_epilogue.o)
 *(.bss*)
 .bss.adc_samples
                0x00000000008001d8        0xc ./adc.o
 .bss.adc_mux_switch
                0x00000000008001e4        0x1 ./adc.o
 .bss.adc_mux_index
                0x00000000008001e5        0x1 ./adc.o
 .bss.snprintf_buf
                0x00000000008001e6       0x20 ./display.o
 .bss.display_buffer
                0x0000000000800206       0x40 ./display.o
 .bss.display_status
                0x0000000000800246        0x2 ./display.o
 .bss.g_encoder
                0x0000000000800248        0xf ./encoder.o
 .bss.remote_dgram_rcv_copy
                0x0000000000800257       0x20 ./main.o
 .bss.psu_channels
                0x0000000000800277       0x6c ./main.o
 .bss.pwm_channels
                0x00000000008002e3       0x14 ./pwm.o
 .bss.remote_snd_buf
                0x00000000008002f7       0xa0 ./remote.o
 .bss.remote_rcv_buf
                0x0000000000800397       0xa0 ./remote.o
 .bss.remote_rcv_sm
                0x0000000000800437        0xd ./remote.o
 .bss.uart_cb   0x0000000000800444        0x2 ./uart.o
 *(COMMON)
 COMMON         0x0000000000800446        0x4 ./time.o
                0x0000000000800446                g_timestamp
 COMMON         0x000000000080044a        0x6 /usr/lib/gcc/avr/4.8.1/../../../avr/lib/avr5/libc.a(iob.o)
                0x000000000080044a                __iob
                0x0000000000800450                PROVIDE (__bss_end, .)
                0x0000000000001b1a                __data_load_start = LOADADDR (.data)
                0x0000000000001bf2                __data_load_end = (__data_load_start + SIZEOF (.data))

.noinit         0x0000000000800450        0x0
                0x0000000000800450                PROVIDE (__noinit_start, .)
 *(.noinit*)
                0x0000000000800450                PROVIDE (__noinit_end, .)
                0x0000000000800450                _end = .
                0x0000000000800450                PROVIDE (__heap_start, .)

.eeprom         0x0000000000810000        0x0
 *(.eeprom*)
                0x0000000000810000                __eeprom_end = .

.fuse
 *(.fuse)
 *(.lfuse)
 *(.hfuse)
 *(.efuse)

.lock
 *(.lock*)

.signature
 *(.signature*)

.user_signatures
 *(.user_signatures*)

.stab           0x0000000000000000     0x3f0c
 *(.stab)
 .stab          0x0000000000000000      0x618 ./adc.o
 .stab          0x0000000000000618      0x6e4 ./display.o
                                        0x87c (size before relaxing)
 .stab          0x0000000000000cfc      0x3b4 ./display_hal_uart.o
                                        0x5d0 (size before relaxing)
 .stab          0x00000000000010b0      0x558 ./encoder.o
                                        0x720 (size before relaxing)
 .stab          0x0000000000001608      0xdb0 ./main.o
                                       0x10b0 (size before relaxing)
 .stab          0x00000000000023b8      0x4a4 ./pwm.o
                                        0x69c (size before relaxing)
 .stab          0x000000000000285c      0xaec ./remote.o
                                        0xd5c (size before relaxing)
 .stab          0x0000000000003348      0x3cc ./system.o
                                        0x624 (size before relaxing)
 .stab          0x0000000000003714      0x324 ./time.o
                                        0x4ec (size before relaxing)
 .stab          0x0000000000003a38      0x4d4 ./uart.o
                                        0x708 (size before relaxing)

.stabstr        0x0000000000000000     0x266d
 *(.stabstr)
 .stabstr       0x0000000000000000     0x266d ./adc.o

.stab.excl
 *(.stab.excl)

.stab.exclstr
 *(.stab.exclstr)

.stab.index
 *(.stab.index)

.stab.indexstr
 *(.stab.indexstr)

.comment        0x0000000000000000       0x11
 *(.comment)
 .comment       0x0000000000000000       0x11 ./adc.o
                                         0x12 (size before relaxing)
 .comment       0x0000000000000000       0x12 ./display.o
 .comment       0x0000000000000000       0x12 ./display_hal_uart.o
 .comment       0x0000000000000000       0x12 ./encoder.o
 .comment       0x0000000000000000       0x12 ./main.o
 .comment       0x0000000000000000       0x12 ./pwm.o
 .comment       0x0000000000000000       0x12 ./remote.o
 .comment       0x0000000000000000       0x12 ./system.o
 .comment       0x0000000000000000       0x12 ./time.o
 .comment       0x0000000000000000       0x12 ./uart.o
 .comment       0x0000000000000000       0x12 /usr/lib/gcc/avr/4.8.1/../../../avr/lib/avr5/libc.a(iob.o)
 .comment       0x0000000000000000       0x12 /usr/lib/gcc/avr/4.8.1/../../../avr/lib/avr5/libc.a(printf.o)
 .comment       0x0000000000000000       0x12 /usr/lib/gcc/avr/4.8.1/../../../avr/lib/avr5/libc.a(vsnprintf.o)
 .comment       0x0000000000000000       0x12 /usr/lib/gcc/avr/4.8.1/../../../avr/lib/avr5/libc.a(vfprintf_std.o)
 .comment       0x0000000000000000       0x12 /usr/lib/gcc/avr/4.8.1/../../../avr/lib/avr5/libc.a(fputc.o)

.note.gnu.build-id
 *(.note.gnu.build-id)

.debug
 *(.debug)

.line
 *(.line)

.debug_srcinfo
 *(.debug_srcinfo)

.debug_sfnames
 *(.debug_sfnames)

.debug_aranges
 *(.debug_aranges)

.debug_pubnames
 *(.debug_pubnames)

.debug_info
 *(.debug_info .gnu.linkonce.wi.*)

.debug_abbrev
 *(.debug_abbrev)

.debug_line
 *(.debug_line .debug_line.* .debug_line_end)

.debug_frame
 *(.debug_frame)

.debug_str
 *(.debug_str)

.debug_loc
 *(.debug_loc)

.debug_macinfo
 *(.debug_macinfo)

.debug_weaknames
 *(.debug_weaknames)

.debug_funcnames
 *(.debug_funcnames)

.debug_typenames
 *(.debug_typenames)

.debug_varnames
 *(.debug_varnames)

.debug_pubtypes
 *(.debug_pubtypes)

.debug_ranges
 *(.debug_ranges)

.debug_macro
 *(.debug_macro)
OUTPUT(psu_2ch.elf elf32-avr)
LOAD linker stubs
