Archive member included because of file (symbol)

/usr/lib/gcc/avr/4.8.1/avr5/libgcc.a(_udivmodhi4.o)
                              ./main.o (__udivmodhi4)
/usr/lib/gcc/avr/4.8.1/avr5/libgcc.a(_divmodhi4.o)
                              ./adc.o (__divmodhi4)
/usr/lib/gcc/avr/4.8.1/avr5/libgcc.a(_udivmodsi4.o)
                              ./lib.o (__udivmodsi4)
/usr/lib/gcc/avr/4.8.1/avr5/libgcc.a(_exit.o)
                              /usr/lib/gcc/avr/4.8.1/../../../avr/lib/avr5/crtm328p.o (exit)
/usr/lib/gcc/avr/4.8.1/avr5/libgcc.a(_copy_data.o)
                              ./display_hal_hd44780.o (__do_copy_data)
/usr/lib/gcc/avr/4.8.1/avr5/libgcc.a(_clear_bss.o)
                              ./adc.o (__do_clear_bss)
/usr/lib/gcc/avr/4.8.1/avr5/libgcc.a(_umulhisi3.o)
                              ./lib.o (__umulhisi3)
/usr/lib/gcc/avr/4.8.1/../../../avr/lib/avr5/libc.a(iob.o)
                              ./main.o (__iob)

Allocating common symbols
Common symbol       size              file

g_timestamp         0x4               ./time.o
__iob               0x6               /usr/lib/gcc/avr/4.8.1/../../../avr/lib/avr5/libc.a(iob.o)

Memory Configuration

Name             Origin             Length             Attributes
text             0x0000000000000000 0x0000000000020000 xr
data             0x0000000000800060 0x000000000000ffa0 rw !x
eeprom           0x0000000000810000 0x0000000000010000 rw !x
fuse             0x0000000000820000 0x0000000000000400 rw !x
lock             0x0000000000830000 0x0000000000000400 rw !x
signature        0x0000000000840000 0x0000000000000400 rw !x
user_signatures  0x0000000000850000 0x0000000000000400 rw !x
*default*        0x0000000000000000 0xffffffffffffffff

Linker script and memory map

Address of section .data set to 0x800100
LOAD /usr/lib/gcc/avr/4.8.1/../../../avr/lib/avr5/crtm328p.o
LOAD ./adc.o
LOAD ./display.o
LOAD ./display_hal_hd44780.o
LOAD ./display_hal_uart.o
LOAD ./encoder.o
LOAD ./keypad.o
LOAD ./lib.o
LOAD ./main.o
LOAD ./pwm.o
LOAD ./remote.o
LOAD ./system.o
LOAD ./time.o
LOAD ./uart.o
START GROUP
LOAD /usr/lib/gcc/avr/4.8.1/avr5/libgcc.a
LOAD /usr/lib/gcc/avr/4.8.1/../../../avr/lib/avr5/libm.a
LOAD /usr/lib/gcc/avr/4.8.1/../../../avr/lib/avr5/libc.a
END GROUP

.hash
 *(.hash)

.dynsym
 *(.dynsym)

.dynstr
 *(.dynstr)

.gnu.version
 *(.gnu.version)

.gnu.version_d
 *(.gnu.version_d)

.gnu.version_r
 *(.gnu.version_r)

.rel.init
 *(.rel.init)

.rela.init
 *(.rela.init)

.rel.text
 *(.rel.text)
 *(.rel.text.*)
 *(.rel.gnu.linkonce.t*)

.rela.text
 *(.rela.text)
 *(.rela.text.*)
 *(.rela.gnu.linkonce.t*)

.rel.fini
 *(.rel.fini)

.rela.fini
 *(.rela.fini)

.rel.rodata
 *(.rel.rodata)
 *(.rel.rodata.*)
 *(.rel.gnu.linkonce.r*)

.rela.rodata
 *(.rela.rodata)
 *(.rela.rodata.*)
 *(.rela.gnu.linkonce.r*)

.rel.data
 *(.rel.data)
 *(.rel.data.*)
 *(.rel.gnu.linkonce.d*)

.rela.data
 *(.rela.data)
 *(.rela.data.*)
 *(.rela.gnu.linkonce.d*)

.rel.ctors
 *(.rel.ctors)

.rela.ctors
 *(.rela.ctors)

.rel.dtors
 *(.rel.dtors)

.rela.dtors
 *(.rela.dtors)

.rel.got
 *(.rel.got)

.rela.got
 *(.rela.got)

.rel.bss
 *(.rel.bss)

.rela.bss
 *(.rela.bss)

.rel.plt
 *(.rel.plt)

.rela.plt
 *(.rela.plt)

.text           0x0000000000000000     0x17d8
 *(.vectors)
 .vectors       0x0000000000000000       0x68 /usr/lib/gcc/avr/4.8.1/../../../avr/lib/avr5/crtm328p.o
                0x0000000000000000                __vectors
 *(.vectors)
 *(.progmem.gcc*)
                0x0000000000000068                . = ALIGN (0x2)
                0x0000000000000068                __trampolines_start = .
 *(.trampolines)
 .trampolines   0x0000000000000068        0x0 linker stubs
 *(.trampolines*)
                0x0000000000000068                __trampolines_end = .
 *(.progmem*)
                0x0000000000000068                . = ALIGN (0x2)
 *(.jumptables)
 *(.jumptables*)
 *(.lowtext)
 *(.lowtext*)
                0x0000000000000068                __ctors_start = .
 *(.ctors)
                0x0000000000000068                __ctors_end = .
                0x0000000000000068                __dtors_start = .
 *(.dtors)
                0x0000000000000068                __dtors_end = .
 SORT(*)(.ctors)
 SORT(*)(.dtors)
 *(.init0)
 .init0         0x0000000000000068        0x0 /usr/lib/gcc/avr/4.8.1/../../../avr/lib/avr5/crtm328p.o
                0x0000000000000068                __init
 *(.init0)
 *(.init1)
 *(.init1)
 *(.init2)
 .init2         0x0000000000000068        0xc /usr/lib/gcc/avr/4.8.1/../../../avr/lib/avr5/crtm328p.o
 *(.init2)
 *(.init3)
 *(.init3)
 *(.init4)
 .init4         0x0000000000000074       0x16 /usr/lib/gcc/avr/4.8.1/avr5/libgcc.a(_copy_data.o)
                0x0000000000000074                __do_copy_data
 .init4         0x000000000000008a       0x10 /usr/lib/gcc/avr/4.8.1/avr5/libgcc.a(_clear_bss.o)
                0x000000000000008a                __do_clear_bss
 *(.init4)
 *(.init5)
 *(.init5)
 *(.init6)
 *(.init6)
 *(.init7)
 *(.init7)
 *(.init8)
 *(.init8)
 *(.init9)
 .init9         0x000000000000009a        0x8 /usr/lib/gcc/avr/4.8.1/../../../avr/lib/avr5/crtm328p.o
 *(.init9)
 *(.text)
 .text          0x00000000000000a2        0x4 /usr/lib/gcc/avr/4.8.1/../../../avr/lib/avr5/crtm328p.o
                0x00000000000000a2                __vector_22
                0x00000000000000a2                __vector_1
                0x00000000000000a2                __vector_24
                0x00000000000000a2                __vector_12
                0x00000000000000a2                __bad_interrupt
                0x00000000000000a2                __vector_6
                0x00000000000000a2                __vector_23
                0x00000000000000a2                __vector_25
                0x00000000000000a2                __vector_11
                0x00000000000000a2                __vector_13
                0x00000000000000a2                __vector_17
                0x00000000000000a2                __vector_19
                0x00000000000000a2                __vector_7
                0x00000000000000a2                __vector_4
                0x00000000000000a2                __vector_9
                0x00000000000000a2                __vector_2
                0x00000000000000a2                __vector_15
                0x00000000000000a2                __vector_8
                0x00000000000000a2                __vector_10
                0x00000000000000a2                __vector_16
                0x00000000000000a2                __vector_20
 .text          0x00000000000000a6        0x0 ./adc.o
 .text          0x00000000000000a6        0x0 ./display.o
 .text          0x00000000000000a6        0x0 ./display_hal_hd44780.o
 .text          0x00000000000000a6        0x0 ./display_hal_uart.o
 .text          0x00000000000000a6        0x0 ./encoder.o
 .text          0x00000000000000a6        0x0 ./keypad.o
 .text          0x00000000000000a6        0x0 ./lib.o
 .text          0x00000000000000a6        0x0 ./main.o
 .text          0x00000000000000a6        0x0 ./pwm.o
 .text          0x00000000000000a6        0x0 ./remote.o
 .text          0x00000000000000a6        0x0 ./system.o
 .text          0x00000000000000a6        0x0 ./time.o
 .text          0x00000000000000a6        0x0 ./uart.o
 .text          0x00000000000000a6        0x0 /usr/lib/gcc/avr/4.8.1/avr5/libgcc.a(_udivmodhi4.o)
 .text          0x00000000000000a6        0x0 /usr/lib/gcc/avr/4.8.1/avr5/libgcc.a(_divmodhi4.o)
 .text          0x00000000000000a6        0x0 /usr/lib/gcc/avr/4.8.1/avr5/libgcc.a(_udivmodsi4.o)
 .text          0x00000000000000a6        0x0 /usr/lib/gcc/avr/4.8.1/avr5/libgcc.a(_exit.o)
 .text          0x00000000000000a6        0x0 /usr/lib/gcc/avr/4.8.1/avr5/libgcc.a(_copy_data.o)
 .text          0x00000000000000a6        0x0 /usr/lib/gcc/avr/4.8.1/avr5/libgcc.a(_clear_bss.o)
 .text          0x00000000000000a6        0x0 /usr/lib/gcc/avr/4.8.1/avr5/libgcc.a(_umulhisi3.o)
 .text          0x00000000000000a6        0x0 /usr/lib/gcc/avr/4.8.1/../../../avr/lib/avr5/libc.a(iob.o)
                0x00000000000000a6                . = ALIGN (0x2)
 *(.text.*)
 .text.__vector_21
                0x00000000000000a6       0xa8 ./adc.o
                0x00000000000000a6                __vector_21
 .text.adc_init
                0x000000000000014e       0x22 ./adc.o
                0x000000000000014e                adc_init
 .text.adc_get  0x0000000000000170       0x12 ./adc.o
                0x0000000000000170                adc_get
 .text.adc_last_capture
                0x0000000000000182        0x2 ./adc.o
                0x0000000000000182                adc_last_capture
 .text.adc_last_reset
                0x0000000000000184        0x2 ./adc.o
                0x0000000000000184                adc_last_reset
 .text.display_init
                0x0000000000000186        0xe ./display.o
                0x0000000000000186                display_init
 .text.display_clear
                0x0000000000000194       0x3c ./display.o
                0x0000000000000194                display_clear
 .text.display_clear_all
                0x00000000000001d0        0x6 ./display.o
                0x00000000000001d0                display_clear_all
 .text.display_periodic
                0x00000000000001d6       0x6a ./display.o
                0x00000000000001d6                display_periodic
 .text.display_set_cursor
                0x0000000000000240       0x14 ./display.o
                0x0000000000000240                display_set_cursor
 .text.display_advance_cursor
                0x0000000000000254       0x2a ./display.o
                0x0000000000000254                display_advance_cursor
 .text.display_enable_cursor
                0x000000000000027e        0x4 ./display.o
                0x000000000000027e                display_enable_cursor
 .text.display_write_char
                0x0000000000000282       0x24 ./display.o
                0x0000000000000282                display_write_char
 .text.display_write_string
                0x00000000000002a6       0x18 ./display.o
                0x00000000000002a6                display_write_string
 .text.display_write_stringf
                0x00000000000002be        0xe ./display.o
                0x00000000000002be                display_write_stringf
 .text.shift_out
                0x00000000000002cc       0x44 ./display_hal_hd44780.o
 .text.hd44780_write_nibble
                0x0000000000000310       0x40 ./display_hal_hd44780.o
 .text.hd44780_transmit
                0x0000000000000350       0x30 ./display_hal_hd44780.o
 .text.display_hal_init
                0x0000000000000380       0xb0 ./display_hal_hd44780.o
                0x0000000000000380                display_hal_init
 .text.display_hal_set_cursor
                0x0000000000000430       0x18 ./display_hal_hd44780.o
                0x0000000000000430                display_hal_set_cursor
 .text.display_hal_write_char
                0x0000000000000448        0x6 ./display_hal_hd44780.o
                0x0000000000000448                display_hal_write_char
 .text.display_hal_cursor_visibility
                0x000000000000044e       0x1e ./display_hal_hd44780.o
                0x000000000000044e                display_hal_cursor_visibility
 .text.display_hal_init_DISABLED
                0x000000000000046c        0x8 ./display_hal_uart.o
                0x000000000000046c                display_hal_init_DISABLED
 .text.display_hal_set_cursor_DISABLED
                0x0000000000000474       0x12 ./display_hal_uart.o
                0x0000000000000474                display_hal_set_cursor_DISABLED
 .text.display_hal_write_char_DISABLED
                0x0000000000000486        0x8 ./display_hal_uart.o
                0x0000000000000486                display_hal_write_char_DISABLED
 .text.display_hal_cursor_visibility_DISABLED
                0x000000000000048e       0x12 ./display_hal_uart.o
                0x000000000000048e                display_hal_cursor_visibility_DISABLED
 .text.encoder_init
                0x00000000000004a0       0x60 ./encoder.o
                0x00000000000004a0                encoder_init
 .text.encoder_set_callback
                0x0000000000000500       0x12 ./encoder.o
                0x0000000000000500                encoder_set_callback
 .text.__vector_3
                0x0000000000000512       0x68 ./encoder.o
                0x0000000000000512                __vector_3
 .text.__vector_5
                0x000000000000057a      0x17a ./encoder.o
                0x000000000000057a                __vector_5
 .text.keypad_init
                0x00000000000006f4       0x1e ./keypad.o
                0x00000000000006f4                keypad_init
 .text.keypad_set_input
                0x0000000000000712        0xc ./keypad.o
                0x0000000000000712                keypad_set_input
 .text.keypad_clicked
                0x000000000000071e        0xc ./keypad.o
                0x000000000000071e                keypad_clicked
 .text.keypad_periodic
                0x000000000000072a       0x88 ./keypad.o
                0x000000000000072a                keypad_periodic
 .text.lib_uint32_to_bytes
                0x00000000000007b2       0x22 ./lib.o
                0x00000000000007b2                lib_uint32_to_bytes
 .text.lib_uint16_to_bytes
                0x00000000000007d4        0xa ./lib.o
                0x00000000000007d4                lib_uint16_to_bytes
 .text.lib_bytes_to_uint16
                0x00000000000007de        0xe ./lib.o
                0x00000000000007de                lib_bytes_to_uint16
 .text.lib_sum  0x00000000000007ec       0x28 ./lib.o
                0x00000000000007ec                lib_sum
 .text.lib_diff
                0x0000000000000814       0x1c ./lib.o
                0x0000000000000814                lib_diff
 .text.lib_limit
                0x0000000000000830       0x2c ./lib.o
                0x0000000000000830                lib_limit
 .text.lib_scale
                0x000000000000085c       0x4a ./lib.o
                0x000000000000085c                lib_scale
 .text.uart_received
                0x00000000000008a6        0x4 ./main.o
                0x00000000000008a6                uart_received
 .text.gui_print_measurement
                0x00000000000008aa      0x114 ./main.o
 .text.encoder_event_callback
                0x00000000000009be       0x84 ./main.o
 .text.psu_get_channel_from_node_id
                0x0000000000000a42       0x22 ./main.o
                0x0000000000000a42                psu_get_channel_from_node_id
 .text.startup.main
                0x0000000000000a64      0x66c ./main.o
                0x0000000000000a64                main
 .text.pwm_init
                0x00000000000010d0       0x4c ./pwm.o
                0x00000000000010d0                pwm_init
 .text.pwm_enable_channel
                0x000000000000111c       0x48 ./pwm.o
                0x000000000000111c                pwm_enable_channel
 .text.pwm_set_duty
                0x0000000000001164       0x30 ./pwm.o
                0x0000000000001164                pwm_set_duty
 .text.pwm_get_resolution
                0x0000000000001194       0x12 ./pwm.o
                0x0000000000001194                pwm_get_resolution
 .text.remote_datagram_to_buffer
                0x00000000000011a6       0x1a ./remote.o
                0x00000000000011a6                remote_datagram_to_buffer
 .text.remote_buffer_alloc
                0x00000000000011c0       0x2c ./remote.o
                0x00000000000011c0                remote_buffer_alloc
 .text.remote_receive_buffer_alloc
                0x00000000000011ec        0xa ./remote.o
                0x00000000000011ec                remote_receive_buffer_alloc
 .text.remote_send_buffer_alloc
                0x00000000000011f6        0xa ./remote.o
                0x00000000000011f6                remote_send_buffer_alloc
 .text.remote_buffer_get_oldest
                0x0000000000001200       0x62 ./remote.o
                0x0000000000001200                remote_buffer_get_oldest
 .text.remote_receive_buffer_get_oldest
                0x0000000000001262        0xa ./remote.o
                0x0000000000001262                remote_receive_buffer_get_oldest
 .text.remote_send_buffer_get_oldest
                0x000000000000126c        0xa ./remote.o
                0x000000000000126c                remote_send_buffer_get_oldest
 .text.remote_receive_buffer_get
                0x0000000000001276       0x5a ./remote.o
                0x0000000000001276                remote_receive_buffer_get
 .text.remote_send_buffer_send
                0x00000000000012d0       0x20 ./remote.o
                0x00000000000012d0                remote_send_buffer_send
 .text.remote_calc_crc_buffer_and_compare
                0x00000000000012f0       0x74 ./remote.o
                0x00000000000012f0                remote_calc_crc_buffer_and_compare
 .text.remote_buffer_to_datagram
                0x0000000000001364      0x1c4 ./remote.o
                0x0000000000001364                remote_buffer_to_datagram
 .text.datagram_buffer_to_remote
                0x0000000000001528       0xa6 ./remote.o
                0x0000000000001528                datagram_buffer_to_remote
 .text.__vector_default
                0x00000000000015ce       0x14 ./system.o
                0x00000000000015ce                __vector_default
 .text.system_fatal
                0x00000000000015e2        0x6 ./system.o
                0x00000000000015e2                system_fatal
 .text.system_reset
                0x00000000000015e8        0x6 ./system.o
                0x00000000000015e8                system_reset
 .text.system_init
                0x00000000000015ee        0x6 ./system.o
                0x00000000000015ee                system_init
 .text.timer_init
                0x00000000000015f4       0x16 ./time.o
                0x00000000000015f4                timer_init
 .text.__vector_14
                0x000000000000160a       0x4c ./time.o
                0x000000000000160a                __vector_14
 .text.uart_putchar
                0x0000000000001656        0xe ./uart.o
                0x0000000000001656                uart_putchar
 .text.uart_getchar
                0x0000000000001664        0xe ./uart.o
                0x0000000000001664                uart_getchar
 .text.uart_init
                0x0000000000001672       0x34 ./uart.o
                0x0000000000001672                uart_init
 .text.__vector_18
                0x00000000000016a6       0x56 ./uart.o
                0x00000000000016a6                __vector_18
 .text.uart_callback
                0x00000000000016fc        0xa ./uart.o
                0x00000000000016fc                uart_callback
 .text.uart_putstring
                0x0000000000001706       0x1c ./uart.o
                0x0000000000001706                uart_putstring
 .text.libgcc.mul
                0x0000000000001722        0x0 /usr/lib/gcc/avr/4.8.1/avr5/libgcc.a(_udivmodhi4.o)
 .text.libgcc.div
                0x0000000000001722       0x28 /usr/lib/gcc/avr/4.8.1/avr5/libgcc.a(_udivmodhi4.o)
                0x0000000000001722                __udivmodhi4
 .text.libgcc   0x000000000000174a        0x0 /usr/lib/gcc/avr/4.8.1/avr5/libgcc.a(_udivmodhi4.o)
 .text.libgcc.prologue
                0x000000000000174a        0x0 /usr/lib/gcc/avr/4.8.1/avr5/libgcc.a(_udivmodhi4.o)
 .text.libgcc.builtins
                0x000000000000174a        0x0 /usr/lib/gcc/avr/4.8.1/avr5/libgcc.a(_udivmodhi4.o)
 .text.libgcc.fmul
                0x000000000000174a        0x0 /usr/lib/gcc/avr/4.8.1/avr5/libgcc.a(_udivmodhi4.o)
 .text.libgcc.fixed
                0x000000000000174a        0x0 /usr/lib/gcc/avr/4.8.1/avr5/libgcc.a(_udivmodhi4.o)
 .text.libgcc.mul
                0x000000000000174a        0x0 /usr/lib/gcc/avr/4.8.1/avr5/libgcc.a(_divmodhi4.o)
 .text.libgcc.div
                0x000000000000174a       0x28 /usr/lib/gcc/avr/4.8.1/avr5/libgcc.a(_divmodhi4.o)
                0x000000000000174a                __divmodhi4
                0x000000000000174a                _div
 .text.libgcc   0x0000000000001772        0x0 /usr/lib/gcc/avr/4.8.1/avr5/libgcc.a(_divmodhi4.o)
 .text.libgcc.prologue
                0x0000000000001772        0x0 /usr/lib/gcc/avr/4.8.1/avr5/libgcc.a(_divmodhi4.o)
 .text.libgcc.builtins
                0x0000000000001772        0x0 /usr/lib/gcc/avr/4.8.1/avr5/libgcc.a(_divmodhi4.o)
 .text.libgcc.fmul
                0x0000000000001772        0x0 /usr/lib/gcc/avr/4.8.1/avr5/libgcc.a(_divmodhi4.o)
 .text.libgcc.fixed
                0x0000000000001772        0x0 /usr/lib/gcc/avr/4.8.1/avr5/libgcc.a(_divmodhi4.o)
 .text.libgcc.mul
                0x0000000000001772        0x0 /usr/lib/gcc/avr/4.8.1/avr5/libgcc.a(_udivmodsi4.o)
 .text.libgcc.div
                0x0000000000001772       0x44 /usr/lib/gcc/avr/4.8.1/avr5/libgcc.a(_udivmodsi4.o)
                0x0000000000001772                __udivmodsi4
 .text.libgcc   0x00000000000017b6        0x0 /usr/lib/gcc/avr/4.8.1/avr5/libgcc.a(_udivmodsi4.o)
 .text.libgcc.prologue
                0x00000000000017b6        0x0 /usr/lib/gcc/avr/4.8.1/avr5/libgcc.a(_udivmodsi4.o)
 .text.libgcc.builtins
                0x00000000000017b6        0x0 /usr/lib/gcc/avr/4.8.1/avr5/libgcc.a(_udivmodsi4.o)
 .text.libgcc.fmul
                0x00000000000017b6        0x0 /usr/lib/gcc/avr/4.8.1/avr5/libgcc.a(_udivmodsi4.o)
 .text.libgcc.fixed
                0x00000000000017b6        0x0 /usr/lib/gcc/avr/4.8.1/avr5/libgcc.a(_udivmodsi4.o)
 .text.libgcc.mul
                0x00000000000017b6        0x0 /usr/lib/gcc/avr/4.8.1/avr5/libgcc.a(_exit.o)
 .text.libgcc.div
                0x00000000000017b6        0x0 /usr/lib/gcc/avr/4.8.1/avr5/libgcc.a(_exit.o)
 .text.libgcc   0x00000000000017b6        0x0 /usr/lib/gcc/avr/4.8.1/avr5/libgcc.a(_exit.o)
 .text.libgcc.prologue
                0x00000000000017b6        0x0 /usr/lib/gcc/avr/4.8.1/avr5/libgcc.a(_exit.o)
 .text.libgcc.builtins
                0x00000000000017b6        0x0 /usr/lib/gcc/avr/4.8.1/avr5/libgcc.a(_exit.o)
 .text.libgcc.fmul
                0x00000000000017b6        0x0 /usr/lib/gcc/avr/4.8.1/avr5/libgcc.a(_exit.o)
 .text.libgcc.fixed
                0x00000000000017b6        0x0 /usr/lib/gcc/avr/4.8.1/avr5/libgcc.a(_exit.o)
 .text.libgcc.mul
                0x00000000000017b6        0x0 /usr/lib/gcc/avr/4.8.1/avr5/libgcc.a(_copy_data.o)
 .text.libgcc.div
                0x00000000000017b6        0x0 /usr/lib/gcc/avr/4.8.1/avr5/libgcc.a(_copy_data.o)
 .text.libgcc   0x00000000000017b6        0x0 /usr/lib/gcc/avr/4.8.1/avr5/libgcc.a(_copy_data.o)
 .text.libgcc.prologue
                0x00000000000017b6        0x0 /usr/lib/gcc/avr/4.8.1/avr5/libgcc.a(_copy_data.o)
 .text.libgcc.builtins
                0x00000000000017b6        0x0 /usr/lib/gcc/avr/4.8.1/avr5/libgcc.a(_copy_data.o)
 .text.libgcc.fmul
                0x00000000000017b6        0x0 /usr/lib/gcc/avr/4.8.1/avr5/libgcc.a(_copy_data.o)
 .text.libgcc.fixed
                0x00000000000017b6        0x0 /usr/lib/gcc/avr/4.8.1/avr5/libgcc.a(_copy_data.o)
 .text.libgcc.mul
                0x00000000000017b6        0x0 /usr/lib/gcc/avr/4.8.1/avr5/libgcc.a(_clear_bss.o)
 .text.libgcc.div
                0x00000000000017b6        0x0 /usr/lib/gcc/avr/4.8.1/avr5/libgcc.a(_clear_bss.o)
 .text.libgcc   0x00000000000017b6        0x0 /usr/lib/gcc/avr/4.8.1/avr5/libgcc.a(_clear_bss.o)
 .text.libgcc.prologue
                0x00000000000017b6        0x0 /usr/lib/gcc/avr/4.8.1/avr5/libgcc.a(_clear_bss.o)
 .text.libgcc.builtins
                0x00000000000017b6        0x0 /usr/lib/gcc/avr/4.8.1/avr5/libgcc.a(_clear_bss.o)
 .text.libgcc.fmul
                0x00000000000017b6        0x0 /usr/lib/gcc/avr/4.8.1/avr5/libgcc.a(_clear_bss.o)
 .text.libgcc.fixed
                0x00000000000017b6        0x0 /usr/lib/gcc/avr/4.8.1/avr5/libgcc.a(_clear_bss.o)
 .text.libgcc.mul
                0x00000000000017b6       0x1e /usr/lib/gcc/avr/4.8.1/avr5/libgcc.a(_umulhisi3.o)
                0x00000000000017b6                __umulhisi3
 .text.libgcc.div
                0x00000000000017d4        0x0 /usr/lib/gcc/avr/4.8.1/avr5/libgcc.a(_umulhisi3.o)
 .text.libgcc   0x00000000000017d4        0x0 /usr/lib/gcc/avr/4.8.1/avr5/libgcc.a(_umulhisi3.o)
 .text.libgcc.prologue
                0x00000000000017d4        0x0 /usr/lib/gcc/avr/4.8.1/avr5/libgcc.a(_umulhisi3.o)
 .text.libgcc.builtins
                0x00000000000017d4        0x0 /usr/lib/gcc/avr/4.8.1/avr5/libgcc.a(_umulhisi3.o)
 .text.libgcc.fmul
                0x00000000000017d4        0x0 /usr/lib/gcc/avr/4.8.1/avr5/libgcc.a(_umulhisi3.o)
 .text.libgcc.fixed
                0x00000000000017d4        0x0 /usr/lib/gcc/avr/4.8.1/avr5/libgcc.a(_umulhisi3.o)
                0x00000000000017d4                . = ALIGN (0x2)
 *(.fini9)
 .fini9         0x00000000000017d4        0x0 /usr/lib/gcc/avr/4.8.1/avr5/libgcc.a(_exit.o)
                0x00000000000017d4                exit
                0x00000000000017d4                _exit
 *(.fini9)
 *(.fini8)
 *(.fini8)
 *(.fini7)
 *(.fini7)
 *(.fini6)
 *(.fini6)
 *(.fini5)
 *(.fini5)
 *(.fini4)
 *(.fini4)
 *(.fini3)
 *(.fini3)
 *(.fini2)
 *(.fini2)
 *(.fini1)
 *(.fini1)
 *(.fini0)
 .fini0         0x00000000000017d4        0x4 /usr/lib/gcc/avr/4.8.1/avr5/libgcc.a(_exit.o)
 *(.fini0)
                0x00000000000017d8                _etext = .

.data           0x0000000000800100       0xfa load address 0x00000000000017d8
                0x0000000000800100                PROVIDE (__data_start, .)
 *(.data)
 .data          0x0000000000800100        0x0 /usr/lib/gcc/avr/4.8.1/../../../avr/lib/avr5/crtm328p.o
 .data          0x0000000000800100        0x0 ./adc.o
 .data          0x0000000000800100        0x0 ./display.o
 .data          0x0000000000800100        0x0 ./display_hal_hd44780.o
 .data          0x0000000000800100        0x0 ./display_hal_uart.o
 .data          0x0000000000800100        0x0 ./encoder.o
 .data          0x0000000000800100        0x0 ./keypad.o
 .data          0x0000000000800100        0x0 ./lib.o
 .data          0x0000000000800100        0x0 ./main.o
 .data          0x0000000000800100        0x0 ./pwm.o
 .data          0x0000000000800100        0x0 ./remote.o
 .data          0x0000000000800100        0x0 ./system.o
 .data          0x0000000000800100        0x0 ./time.o
 .data          0x0000000000800100        0x0 ./uart.o
 .data          0x0000000000800100        0x0 /usr/lib/gcc/avr/4.8.1/avr5/libgcc.a(_udivmodhi4.o)
 .data          0x0000000000800100        0x0 /usr/lib/gcc/avr/4.8.1/avr5/libgcc.a(_divmodhi4.o)
 .data          0x0000000000800100        0x0 /usr/lib/gcc/avr/4.8.1/avr5/libgcc.a(_udivmodsi4.o)
 .data          0x0000000000800100        0x0 /usr/lib/gcc/avr/4.8.1/avr5/libgcc.a(_exit.o)
 .data          0x0000000000800100        0x0 /usr/lib/gcc/avr/4.8.1/avr5/libgcc.a(_copy_data.o)
 .data          0x0000000000800100        0x0 /usr/lib/gcc/avr/4.8.1/avr5/libgcc.a(_clear_bss.o)
 .data          0x0000000000800100        0x0 /usr/lib/gcc/avr/4.8.1/avr5/libgcc.a(_umulhisi3.o)
 .data          0x0000000000800100        0x0 /usr/lib/gcc/avr/4.8.1/../../../avr/lib/avr5/libc.a(iob.o)
 *(.data*)
 .data.uart_input
                0x0000000000800100        0xe ./uart.o
                0x0000000000800100                uart_input
 .data.uart_output
                0x000000000080010e        0xe ./uart.o
                0x000000000080010e                uart_output
 *(.rodata)
 *(.rodata*)
 .rodata.offsets.1810
                0x000000000080011c        0x4 ./display_hal_hd44780.o
 .rodata.str1.1
                0x0000000000800120       0x24 ./display_hal_uart.o
 .rodata.enc_lookup
                0x0000000000800144       0x10 ./encoder.o
 .rodata.str1.1
                0x0000000000800154       0x1c ./main.o
 .rodata.smoothing_result
                0x0000000000800170       0x40 ./main.o
 .rodata.smoothing_deltat
                0x00000000008001b0       0x40 ./main.o
 .rodata.str1.1
                0x00000000008001f0        0xa ./system.o
 *(.gnu.linkonce.d*)
                0x00000000008001fa                . = ALIGN (0x2)
                0x00000000008001fa                _edata = .
                0x00000000008001fa                PROVIDE (__data_end, .)

.bss            0x00000000008001fa      0x288
                0x00000000008001fa                PROVIDE (__bss_start, .)
 *(.bss)
 .bss           0x00000000008001fa        0x0 /usr/lib/gcc/avr/4.8.1/../../../avr/lib/avr5/crtm328p.o
 .bss           0x00000000008001fa        0x0 ./adc.o
 .bss           0x00000000008001fa        0x0 ./display.o
 .bss           0x00000000008001fa        0x0 ./display_hal_hd44780.o
 .bss           0x00000000008001fa        0x0 ./display_hal_uart.o
 .bss           0x00000000008001fa        0x0 ./encoder.o
 .bss           0x00000000008001fa        0x0 ./keypad.o
 .bss           0x00000000008001fa        0x0 ./lib.o
 .bss           0x00000000008001fa        0x0 ./main.o
 .bss           0x00000000008001fa        0x0 ./pwm.o
 .bss           0x00000000008001fa        0x0 ./remote.o
 .bss           0x00000000008001fa        0x0 ./system.o
 .bss           0x00000000008001fa        0x0 ./time.o
 .bss           0x00000000008001fa        0x0 ./uart.o
 .bss           0x00000000008001fa        0x0 /usr/lib/gcc/avr/4.8.1/avr5/libgcc.a(_udivmodhi4.o)
 .bss           0x00000000008001fa        0x0 /usr/lib/gcc/avr/4.8.1/avr5/libgcc.a(_divmodhi4.o)
 .bss           0x00000000008001fa        0x0 /usr/lib/gcc/avr/4.8.1/avr5/libgcc.a(_udivmodsi4.o)
 .bss           0x00000000008001fa        0x0 /usr/lib/gcc/avr/4.8.1/avr5/libgcc.a(_exit.o)
 .bss           0x00000000008001fa        0x0 /usr/lib/gcc/avr/4.8.1/avr5/libgcc.a(_copy_data.o)
 .bss           0x00000000008001fa        0x0 /usr/lib/gcc/avr/4.8.1/avr5/libgcc.a(_clear_bss.o)
 .bss           0x00000000008001fa        0x0 /usr/lib/gcc/avr/4.8.1/avr5/libgcc.a(_umulhisi3.o)
 .bss           0x00000000008001fa        0x0 /usr/lib/gcc/avr/4.8.1/../../../avr/lib/avr5/libc.a(iob.o)
 *(.bss*)
 .bss.adc_samples
                0x00000000008001fa        0xc ./adc.o
 .bss.adc_mux_switch
                0x0000000000800206        0x1 ./adc.o
 .bss.adc_mux_index
                0x0000000000800207        0x1 ./adc.o
 .bss.display_buffer
                0x0000000000800208       0x40 ./display.o
 .bss.display_status
                0x0000000000800248        0x2 ./display.o
 .bss.lcd_displayparams
                0x000000000080024a        0x1 ./display_hal_hd44780.o
 .bss.hd44780_virtual_port
                0x000000000080024b        0x1 ./display_hal_hd44780.o
 .bss.g_encoder
                0x000000000080024c        0xf ./encoder.o
 .bss.keypad    0x000000000080025b        0x7 ./keypad.o
 .bss.remote_dgram_rcv_copy
                0x0000000000800262       0x24 ./main.o
 .bss.application
                0x0000000000800286        0x7 ./main.o
 .bss.psu_channels
                0x000000000080028d       0x6c ./main.o
 .bss.pwm_channels
                0x00000000008002f9        0x8 ./pwm.o
 .bss.remote_snd_buf
                0x0000000000800301       0xb4 ./remote.o
 .bss.remote_rcv_buf
                0x00000000008003b5       0xb4 ./remote.o
 .bss.remote_rcv_sm
                0x0000000000800469        0xd ./remote.o
 .bss.uart_cb   0x0000000000800476        0x2 ./uart.o
 *(COMMON)
 COMMON         0x0000000000800478        0x4 ./time.o
                0x0000000000800478                g_timestamp
 COMMON         0x000000000080047c        0x6 /usr/lib/gcc/avr/4.8.1/../../../avr/lib/avr5/libc.a(iob.o)
                0x000000000080047c                __iob
                0x0000000000800482                PROVIDE (__bss_end, .)
                0x00000000000017d8                __data_load_start = LOADADDR (.data)
                0x00000000000018d2                __data_load_end = (__data_load_start + SIZEOF (.data))

.noinit         0x0000000000800482        0x0
                0x0000000000800482                PROVIDE (__noinit_start, .)
 *(.noinit*)
                0x0000000000800482                PROVIDE (__noinit_end, .)
                0x0000000000800482                _end = .
                0x0000000000800482                PROVIDE (__heap_start, .)

.eeprom         0x0000000000810000        0x0
 *(.eeprom*)
                0x0000000000810000                __eeprom_end = .

.fuse
 *(.fuse)
 *(.lfuse)
 *(.hfuse)
 *(.efuse)

.lock
 *(.lock*)

.signature
 *(.signature*)

.user_signatures
 *(.user_signatures*)

.stab           0x0000000000000000     0x5400
 *(.stab)
 .stab          0x0000000000000000      0x618 ./adc.o
 .stab          0x0000000000000618      0x6d8 ./display.o
                                        0x870 (size before relaxing)
 .stab          0x0000000000000cf0      0x768 ./display_hal_hd44780.o
                                        0x978 (size before relaxing)
 .stab          0x0000000000001458      0x3cc ./display_hal_uart.o
                                        0x5e8 (size before relaxing)
 .stab          0x0000000000001824      0x57c ./encoder.o
                                        0x744 (size before relaxing)
 .stab          0x0000000000001da0      0x450 ./keypad.o
                                        0x5c4 (size before relaxing)
 .stab          0x00000000000021f0      0x558 ./lib.o
                                        0x6cc (size before relaxing)
 .stab          0x0000000000002748     0x1110 ./main.o
                                       0x147c (size before relaxing)
 .stab          0x0000000000003858      0x4b0 ./pwm.o
                                        0x6a8 (size before relaxing)
 .stab          0x0000000000003d08      0xb34 ./remote.o
                                        0xd80 (size before relaxing)
 .stab          0x000000000000483c      0x3cc ./system.o
                                        0x624 (size before relaxing)
 .stab          0x0000000000004c08      0x324 ./time.o
                                        0x4ec (size before relaxing)
 .stab          0x0000000000004f2c      0x4d4 ./uart.o
                                        0x708 (size before relaxing)

.stabstr        0x0000000000000000     0x2e22
 *(.stabstr)
 .stabstr       0x0000000000000000     0x2e22 ./adc.o

.stab.excl
 *(.stab.excl)

.stab.exclstr
 *(.stab.exclstr)

.stab.index
 *(.stab.index)

.stab.indexstr
 *(.stab.indexstr)

.comment        0x0000000000000000       0x11
 *(.comment)
 .comment       0x0000000000000000       0x11 ./adc.o
                                         0x12 (size before relaxing)
 .comment       0x0000000000000000       0x12 ./display.o
 .comment       0x0000000000000000       0x12 ./display_hal_hd44780.o
 .comment       0x0000000000000000       0x12 ./display_hal_uart.o
 .comment       0x0000000000000000       0x12 ./encoder.o
 .comment       0x0000000000000000       0x12 ./keypad.o
 .comment       0x0000000000000000       0x12 ./lib.o
 .comment       0x0000000000000000       0x12 ./main.o
 .comment       0x0000000000000000       0x12 ./pwm.o
 .comment       0x0000000000000000       0x12 ./remote.o
 .comment       0x0000000000000000       0x12 ./system.o
 .comment       0x0000000000000000       0x12 ./time.o
 .comment       0x0000000000000000       0x12 ./uart.o
 .comment       0x0000000000000000       0x12 /usr/lib/gcc/avr/4.8.1/../../../avr/lib/avr5/libc.a(iob.o)

.note.gnu.build-id
 *(.note.gnu.build-id)

.debug
 *(.debug)

.line
 *(.line)

.debug_srcinfo
 *(.debug_srcinfo)

.debug_sfnames
 *(.debug_sfnames)

.debug_aranges
 *(.debug_aranges)

.debug_pubnames
 *(.debug_pubnames)

.debug_info
 *(.debug_info .gnu.linkonce.wi.*)

.debug_abbrev
 *(.debug_abbrev)

.debug_line
 *(.debug_line .debug_line.* .debug_line_end)

.debug_frame
 *(.debug_frame)

.debug_str
 *(.debug_str)

.debug_loc
 *(.debug_loc)

.debug_macinfo
 *(.debug_macinfo)

.debug_weaknames
 *(.debug_weaknames)

.debug_funcnames
 *(.debug_funcnames)

.debug_typenames
 *(.debug_typenames)

.debug_varnames
 *(.debug_varnames)

.debug_pubtypes
 *(.debug_pubtypes)

.debug_ranges
 *(.debug_ranges)

.debug_macro
 *(.debug_macro)
OUTPUT(psu_2ch.elf elf32-avr)
LOAD linker stubs
